******************************************************************************
  TMS320C2000 Evaluation Linker PC v6.0.1                      
******************************************************************************
>> Linked Wed Nov 23 18:38:54 2011

OUTPUT FILE NAME:   <Example_2833xSpi_FFDLB_int.out>
ENTRY POINT SYMBOL: "code_start"  address: 0033fff6


MEMORY CONFIGURATION

         name            origin    length      used     unused   attr    fill
----------------------  --------  ---------  --------  --------  ----  --------
PAGE 0:
  ZONE0                 00004000   00001000  00000000  00001000  RWIX
  RAML0                 00008000   00001c00  0000068b  00001575  RWIX
  RAML1                 00009c00   00000300  00000000  00000300  RWIX
  RAML2                 0000a000   00001000  00000000  00001000  RWIX
  RAML3                 0000b000   00001000  00000000  00001000  RWIX
  ZONE6                 00100000   00100000  00000000  00100000  RWIX
  ZONE7A                00200000   0000fc00  00000000  0000fc00  RWIX
  FLASHH                00300000   00008000  00000000  00008000  RWIX
  FLASHG                00308000   00008000  00000000  00008000  RWIX
  FLASHF                00310000   00008000  00000000  00008000  RWIX
  FLASHE                00318000   00008000  00000000  00008000  RWIX
  FLASHD                00320000   0000e000  0000068b  0000d975  RWIX
  FLASHC                0032e000   00001000  00000000  00001000  RWIX
  FLASHA                00338000   00007f80  0000182a  00006756  RWIX
  CSM_RSVD              0033ff80   00000076  00000000  00000076  RWIX
  BEGIN                 0033fff6   00000002  00000002  00000000  RWIX
  CSM_PWL               0033fff8   00000008  00000000  00000008  RWIX
  ADC_CAL               00380080   00000009  00000007  00000002  RWIX
  OTP                   00380400   00000400  00000000  00000400  RWIX
  IQTABLES              003fe000   00000b50  00000000  00000b50  RWIX
  IQTABLES2             003feb50   0000008c  00000000  0000008c  RWIX
  FPUTABLES             003febdc   000006a0  00000000  000006a0  RWIX
  ROM                   003ff27c   00000d44  00000000  00000d44  RWIX
  RESET                 003fffc0   00000002  00000000  00000002  RWIX
  VECTORS               003fffc2   0000003e  00000000  0000003e  RWIX

PAGE 1:
  BOOT_RSVD             00000000   00000050  00000000  00000050  RWIX
  RAMM0                 00000050   000003b0  00000000  000003b0  RWIX
  RAMM1                 00000400   00000400  00000300  00000100  RWIX
  DEV_EMU               00000880   00000180  000000d0  000000b0  RWIX
  FLASH_REGS            00000a80   00000060  00000008  00000058  RWIX
  CSM                   00000ae0   00000010  00000010  00000000  RWIX
  ADC_MIRROR            00000b00   00000010  00000010  00000000  RWIX
  XINTF                 00000b20   00000020  0000001e  00000002  RWIX
  CPU_TIMER0            00000c00   00000008  00000008  00000000  RWIX
  CPU_TIMER1            00000c08   00000008  00000008  00000000  RWIX
  CPU_TIMER2            00000c10   00000008  00000008  00000000  RWIX
  PIE_CTRL              00000ce0   00000020  0000001a  00000006  RWIX
  PIE_VECT              00000d00   00000100  00000100  00000000  RWIX
  DMA                   00001000   00000200  000000e0  00000120  RWIX
  MCBSPA                00005000   00000040  00000025  0000001b  RWIX
  MCBSPB                00005040   00000040  00000025  0000001b  RWIX
  ECANA                 00006000   00000040  00000034  0000000c  RWIX
  ECANA_LAM             00006040   00000040  00000040  00000000  RWIX
  ECANA_MOTS            00006080   00000040  00000040  00000000  RWIX
  ECANA_MOTO            000060c0   00000040  00000040  00000000  RWIX
  ECANA_MBOX            00006100   00000100  00000100  00000000  RWIX
  ECANB                 00006200   00000040  00000034  0000000c  RWIX
  ECANB_LAM             00006240   00000040  00000040  00000000  RWIX
  ECANB_MOTS            00006280   00000040  00000040  00000000  RWIX
  ECANB_MOTO            000062c0   00000040  00000040  00000000  RWIX
  ECANB_MBOX            00006300   00000100  00000100  00000000  RWIX
  EPWM1                 00006800   00000022  00000022  00000000  RWIX
  EPWM2                 00006840   00000022  00000022  00000000  RWIX
  EPWM3                 00006880   00000022  00000022  00000000  RWIX
  EPWM4                 000068c0   00000022  00000022  00000000  RWIX
  EPWM5                 00006900   00000022  00000022  00000000  RWIX
  EPWM6                 00006940   00000022  00000022  00000000  RWIX
  ECAP1                 00006a00   00000020  00000020  00000000  RWIX
  ECAP2                 00006a20   00000020  00000020  00000000  RWIX
  ECAP3                 00006a40   00000020  00000020  00000000  RWIX
  ECAP4                 00006a60   00000020  00000020  00000000  RWIX
  ECAP5                 00006a80   00000020  00000020  00000000  RWIX
  ECAP6                 00006aa0   00000020  00000020  00000000  RWIX
  EQEP1                 00006b00   00000040  00000040  00000000  RWIX
  EQEP2                 00006b40   00000040  00000040  00000000  RWIX
  GPIOCTRL              00006f80   00000040  0000002e  00000012  RWIX
  GPIODAT               00006fc0   00000020  00000020  00000000  RWIX
  GPIOINT               00006fe0   00000020  0000000a  00000016  RWIX
  SYSTEM                00007010   00000020  00000020  00000000  RWIX
  SPIA                  00007040   00000010  00000010  00000000  RWIX
  SCIA                  00007050   00000010  00000010  00000000  RWIX
  XINTRUPT              00007070   00000010  00000010  00000000  RWIX
  ADC                   00007100   00000020  0000001e  00000002  RWIX
  SCIB                  00007750   00000010  00000010  00000000  RWIX
  SCIC                  00007770   00000010  00000010  00000000  RWIX
  I2CA                  00007900   00000040  00000022  0000001e  RWIX
  RAML4                 0000c000   00001000  00000a1a  000005e6  RWIX
  RAML5                 0000d000   00000100  00000000  00000100  RWIX
  RAML6                 0000d100   00000100  00000000  00000100  RWIX
  RAML7                 0000d200   00002d00  00000000  00002d00  RWIX
  ZONE7B                0020fc00   00000400  00000000  00000400  RWIX
  FLASHB                00330000   00008000  00000000  00008000  RWIX
  CSM_PWL               0033fff8   00000008  00000008  00000000  RWIX
  PARTID                00380090   00000001  00000001  00000000  RWIX


SECTION ALLOCATION MAP

 output                                  attributes/
section   page    origin      length       input sections
--------  ----  ----------  ----------   ----------------
.pinit     0    00338000    00000000     UNINITIALIZED

ramfuncs   0    00320000    0000068b     RUN ADDR = 00008000
                  00320000    0000025a     J_SciA_Protocolo_27_02_10.obj (ramfuncs)
                  0032025a    000001bf     Modo_KIR.obj (ramfuncs)
                  00320419    000000f0     Jakson_Funcoes.obj (ramfuncs)
                  00320509    0000008c     Maquina_Solda.obj (ramfuncs:retain)
                  00320595    00000082     J_SpiA.obj (ramfuncs)
                  00320617    00000055     J_RMS.obj (ramfuncs)
                  0032066c    0000001b     DSP2833x_SysCtrl.obj (ramfuncs)
                  00320687    00000004     DSP2833x_usDelay.obj (ramfuncs)

.text      0    00338000    000015a2     
                  00338000    00000404     Solda_v1.obj (.text)
                  00338404    00000327     DSP2833x_DefaultIsr.obj (.text:retain)
                  0033872b    00000310     Maquina_Solda.obj (.text)
                  00338a3b    0000015f     Modo_KIR.obj (.text)
                  00338b9a    00000159     Jakson_Funcoes.obj (.text)
                  00338cf3    00000107     rts2800_fpu32.lib : ll_div.obj (.text)
                  00338dfa    000000f2     DSP2833x_SysCtrl.obj (.text)
                  00338eec    000000c8     DSP2833x_EPwm.obj (.text)
                  00338fb4    000000c2     J_SciA_Protocolo_27_02_10.obj (.text)
                  00339076    000000b4     PLL.obj (.text)
                  0033912a    0000009e     J_SpiA.obj (.text)
                  003391c8    00000088     rts2800_fpu32.lib : fs_div.obj (.text)
                  00339250    0000007c     DSP2833x_CpuTimers.obj (.text)
                  003392cc    0000005b     rts2800_fpu32.lib : sin.obj (.text)
                  00339327    00000051     Maquina_Solda.obj (.text:retain)
                  00339378    00000048     J_xInt.obj (.text)
                  003393c0    00000046     rts2800_fpu32.lib : boot.obj (.text)
                  00339406    00000038     J_RMS.obj (.text)
                  0033943e    00000036     J_SpiA.obj (.text:retain)
                  00339474    00000028     DSP2833x_PieCtrl.obj (.text)
                  0033949c    00000022     DSP2833x_Spi.obj (.text)
                  003394be    00000022     rts2800_fpu32.lib : i_div.obj (.text)
                  003394e0    00000020     DSP2833x_PieVect.obj (.text)
                  00339500    00000020     rts2800_fpu32.lib : sqrt.obj (.text)
                  00339520    00000019                       : args_main.obj (.text)
                  00339539    00000019                       : exit.obj (.text)
                  00339552    00000015     DSP2833x_MemCopy.obj (.text)
                  00339567    00000011     J_xInt.obj (.text:retain)
                  00339578    0000000f     DSP2833x_Adc.obj (.text)
                  00339587    0000000a     rts2800_fpu32.lib : strlen.obj (.text)
                  00339591    00000009                       : _lock.obj (.text)
                  0033959a    00000008     DSP2833x_CodeStartBranch.obj (.text)

.econst    0    003395a2    00000158     
                  003395a2    00000100     DSP2833x_PieVect.obj (.econst)
                  003396a2    00000058     J_RMS.obj (.econst)

.cinit     0    003396fa    0000010a     
                  003396fa    0000005d     Jakson_Funcoes.obj (.cinit)
                  00339757    00000031     Solda_v1.obj (.cinit)
                  00339788    0000002a     Modo_KIR.obj (.cinit)
                  003397b2    00000027     PLL.obj (.cinit)
                  003397d9    0000000c     J_RMS.obj (.cinit)
                  003397e5    0000000a     rts2800_fpu32.lib : _lock.obj (.cinit)
                  003397ef    0000000a                       : exit.obj (.cinit)
                  003397f9    00000005     J_SpiA.obj (.cinit)
                  003397fe    00000004     rts2800_fpu32.lib : errno.obj (.cinit)
                  00339802    00000002     --HOLE-- [fill = 0]

.switch    0    00339804    00000026     
                  00339804    00000026     J_SciA_Protocolo_27_02_10.obj (.switch:_SciA_Comandos)

codestart 
*          0    0033fff6    00000002     
                  0033fff6    00000002     DSP2833x_CodeStartBranch.obj (codestart)

.adc_cal   0    00380080    00000007     NOLOAD SECTION
                  00380080    00000007     DSP2833x_ADC_cal.obj (.adc_cal)

.reset     0    003fffc0    00000002     DSECT
                  003fffc0    00000002     rts2800_fpu32.lib : boot.obj (.reset)

vectors    0    003fffc2    00000000     DSECT

.stack     1    00000400    00000300     UNINITIALIZED
                  00000400    00000300     --HOLE--

DevEmuRegsFile 
*          1    00000880    000000d0     UNINITIALIZED
                  00000880    000000d0     DSP2833x_GlobalVariableDefs.obj (DevEmuRegsFile)

FlashRegsFile 
*          1    00000a80    00000008     UNINITIALIZED
                  00000a80    00000008     DSP2833x_GlobalVariableDefs.obj (FlashRegsFile)

CsmRegsFile 
*          1    00000ae0    00000010     UNINITIALIZED
                  00000ae0    00000010     DSP2833x_GlobalVariableDefs.obj (CsmRegsFile)

AdcMirrorFile 
*          1    00000b00    00000010     UNINITIALIZED
                  00000b00    00000010     DSP2833x_GlobalVariableDefs.obj (AdcMirrorFile)

XintfRegsFile 
*          1    00000b20    0000001e     UNINITIALIZED
                  00000b20    0000001e     DSP2833x_GlobalVariableDefs.obj (XintfRegsFile)

CpuTimer0RegsFile 
*          1    00000c00    00000008     UNINITIALIZED
                  00000c00    00000008     DSP2833x_GlobalVariableDefs.obj (CpuTimer0RegsFile)

CpuTimer1RegsFile 
*          1    00000c08    00000008     UNINITIALIZED
                  00000c08    00000008     DSP2833x_GlobalVariableDefs.obj (CpuTimer1RegsFile)

CpuTimer2RegsFile 
*          1    00000c10    00000008     UNINITIALIZED
                  00000c10    00000008     DSP2833x_GlobalVariableDefs.obj (CpuTimer2RegsFile)

PieCtrlRegsFile 
*          1    00000ce0    0000001a     UNINITIALIZED
                  00000ce0    0000001a     DSP2833x_GlobalVariableDefs.obj (PieCtrlRegsFile)

PieVectTableFile 
*          1    00000d00    00000100     UNINITIALIZED
                  00000d00    00000100     DSP2833x_GlobalVariableDefs.obj (PieVectTableFile)

DmaRegsFile 
*          1    00001000    000000e0     UNINITIALIZED
                  00001000    000000e0     DSP2833x_GlobalVariableDefs.obj (DmaRegsFile)

McbspaRegsFile 
*          1    00005000    00000025     UNINITIALIZED
                  00005000    00000025     DSP2833x_GlobalVariableDefs.obj (McbspaRegsFile)

McbspbRegsFile 
*          1    00005040    00000025     UNINITIALIZED
                  00005040    00000025     DSP2833x_GlobalVariableDefs.obj (McbspbRegsFile)

ECanaRegsFile 
*          1    00006000    00000034     UNINITIALIZED
                  00006000    00000034     DSP2833x_GlobalVariableDefs.obj (ECanaRegsFile)

ECanaLAMRegsFile 
*          1    00006040    00000040     UNINITIALIZED
                  00006040    00000040     DSP2833x_GlobalVariableDefs.obj (ECanaLAMRegsFile)

ECanaMOTSRegsFile 
*          1    00006080    00000040     UNINITIALIZED
                  00006080    00000040     DSP2833x_GlobalVariableDefs.obj (ECanaMOTSRegsFile)

ECanaMOTORegsFile 
*          1    000060c0    00000040     UNINITIALIZED
                  000060c0    00000040     DSP2833x_GlobalVariableDefs.obj (ECanaMOTORegsFile)

ECanaMboxesFile 
*          1    00006100    00000100     UNINITIALIZED
                  00006100    00000100     DSP2833x_GlobalVariableDefs.obj (ECanaMboxesFile)

ECanbRegsFile 
*          1    00006200    00000034     UNINITIALIZED
                  00006200    00000034     DSP2833x_GlobalVariableDefs.obj (ECanbRegsFile)

ECanbLAMRegsFile 
*          1    00006240    00000040     UNINITIALIZED
                  00006240    00000040     DSP2833x_GlobalVariableDefs.obj (ECanbLAMRegsFile)

ECanbMOTSRegsFile 
*          1    00006280    00000040     UNINITIALIZED
                  00006280    00000040     DSP2833x_GlobalVariableDefs.obj (ECanbMOTSRegsFile)

ECanbMOTORegsFile 
*          1    000062c0    00000040     UNINITIALIZED
                  000062c0    00000040     DSP2833x_GlobalVariableDefs.obj (ECanbMOTORegsFile)

ECanbMboxesFile 
*          1    00006300    00000100     UNINITIALIZED
                  00006300    00000100     DSP2833x_GlobalVariableDefs.obj (ECanbMboxesFile)

EPwm1RegsFile 
*          1    00006800    00000022     UNINITIALIZED
                  00006800    00000022     DSP2833x_GlobalVariableDefs.obj (EPwm1RegsFile)

EPwm2RegsFile 
*          1    00006840    00000022     UNINITIALIZED
                  00006840    00000022     DSP2833x_GlobalVariableDefs.obj (EPwm2RegsFile)

EPwm3RegsFile 
*          1    00006880    00000022     UNINITIALIZED
                  00006880    00000022     DSP2833x_GlobalVariableDefs.obj (EPwm3RegsFile)

EPwm4RegsFile 
*          1    000068c0    00000022     UNINITIALIZED
                  000068c0    00000022     DSP2833x_GlobalVariableDefs.obj (EPwm4RegsFile)

EPwm5RegsFile 
*          1    00006900    00000022     UNINITIALIZED
                  00006900    00000022     DSP2833x_GlobalVariableDefs.obj (EPwm5RegsFile)

EPwm6RegsFile 
*          1    00006940    00000022     UNINITIALIZED
                  00006940    00000022     DSP2833x_GlobalVariableDefs.obj (EPwm6RegsFile)

ECap1RegsFile 
*          1    00006a00    00000020     UNINITIALIZED
                  00006a00    00000020     DSP2833x_GlobalVariableDefs.obj (ECap1RegsFile)

ECap2RegsFile 
*          1    00006a20    00000020     UNINITIALIZED
                  00006a20    00000020     DSP2833x_GlobalVariableDefs.obj (ECap2RegsFile)

ECap3RegsFile 
*          1    00006a40    00000020     UNINITIALIZED
                  00006a40    00000020     DSP2833x_GlobalVariableDefs.obj (ECap3RegsFile)

ECap4RegsFile 
*          1    00006a60    00000020     UNINITIALIZED
                  00006a60    00000020     DSP2833x_GlobalVariableDefs.obj (ECap4RegsFile)

ECap5RegsFile 
*          1    00006a80    00000020     UNINITIALIZED
                  00006a80    00000020     DSP2833x_GlobalVariableDefs.obj (ECap5RegsFile)

ECap6RegsFile 
*          1    00006aa0    00000020     UNINITIALIZED
                  00006aa0    00000020     DSP2833x_GlobalVariableDefs.obj (ECap6RegsFile)

EQep1RegsFile 
*          1    00006b00    00000040     UNINITIALIZED
                  00006b00    00000040     DSP2833x_GlobalVariableDefs.obj (EQep1RegsFile)

EQep2RegsFile 
*          1    00006b40    00000040     UNINITIALIZED
                  00006b40    00000040     DSP2833x_GlobalVariableDefs.obj (EQep2RegsFile)

GpioCtrlRegsFile 
*          1    00006f80    0000002e     UNINITIALIZED
                  00006f80    0000002e     DSP2833x_GlobalVariableDefs.obj (GpioCtrlRegsFile)

GpioDataRegsFile 
*          1    00006fc0    00000020     UNINITIALIZED
                  00006fc0    00000020     DSP2833x_GlobalVariableDefs.obj (GpioDataRegsFile)

GpioIntRegsFile 
*          1    00006fe0    0000000a     UNINITIALIZED
                  00006fe0    0000000a     DSP2833x_GlobalVariableDefs.obj (GpioIntRegsFile)

SysCtrlRegsFile 
*          1    00007010    00000020     UNINITIALIZED
                  00007010    00000020     DSP2833x_GlobalVariableDefs.obj (SysCtrlRegsFile)

SpiaRegsFile 
*          1    00007040    00000010     UNINITIALIZED
                  00007040    00000010     DSP2833x_GlobalVariableDefs.obj (SpiaRegsFile)

SciaRegsFile 
*          1    00007050    00000010     UNINITIALIZED
                  00007050    00000010     DSP2833x_GlobalVariableDefs.obj (SciaRegsFile)

XIntruptRegsFile 
*          1    00007070    00000010     UNINITIALIZED
                  00007070    00000010     DSP2833x_GlobalVariableDefs.obj (XIntruptRegsFile)

AdcRegsFile 
*          1    00007100    0000001e     UNINITIALIZED
                  00007100    0000001e     DSP2833x_GlobalVariableDefs.obj (AdcRegsFile)

ScibRegsFile 
*          1    00007750    00000010     UNINITIALIZED
                  00007750    00000010     DSP2833x_GlobalVariableDefs.obj (ScibRegsFile)

ScicRegsFile 
*          1    00007770    00000010     UNINITIALIZED
                  00007770    00000010     DSP2833x_GlobalVariableDefs.obj (ScicRegsFile)

I2caRegsFile 
*          1    00007900    00000022     UNINITIALIZED
                  00007900    00000022     DSP2833x_GlobalVariableDefs.obj (I2caRegsFile)

.ebss      1    0000c000    00000a1a     UNINITIALIZED
                  0000c000    00000810     PLL.obj (.ebss)
                  0000c810    0000002a     Jakson_Funcoes.obj (.ebss)
                  0000c83a    00000004     rts2800_fpu32.lib : _lock.obj (.ebss)
                  0000c83e    00000002     J_SpiA.obj (.ebss)
                  0000c840    00000092     Modo_KIR.obj (.ebss)
                  0000c8d2    00000019     Maquina_Solda.obj (.ebss)
                  0000c8eb    00000001     rts2800_fpu32.lib : errno.obj (.ebss)
                  0000c8ec    00000008     J_SciA_Protocolo_27_02_10.obj (.ebss)
                  0000c8f4    00000004     rts2800_fpu32.lib : exit.obj (.ebss)
                  0000c8f8    00000008     --HOLE--
                  0000c900    0000008e     Solda_v1.obj (.ebss)
                  0000c98e    00000018     DSP2833x_CpuTimers.obj (.ebss)
                  0000c9a6    0000001a     --HOLE--
                  0000c9c0    0000005a     J_RMS.obj (.ebss)

CsmPwlFile 
*          1    0033fff8    00000008     UNINITIALIZED
                  0033fff8    00000008     DSP2833x_GlobalVariableDefs.obj (CsmPwlFile)

PartIdRegsFile 
*          1    00380090    00000001     UNINITIALIZED
                  00380090    00000001     DSP2833x_GlobalVariableDefs.obj (PartIdRegsFile)


GLOBAL SYMBOLS: SORTED ALPHABETICALLY BY Name 

address    name
--------   ----
00338000   .text
00339539   C$$EXIT
003391c8   FS$$DIV
003394be   I$$DIV
003394cf   I$$MOD
00338cf3   LL$$DIV
00338d2f   LL$$MOD
00338d69   ULL$$DIV
00338d98   ULL$$MOD
003384fb   _ADCINT_ISR
0000c810   _ADC_OffSet
00380080   _ADC_cal
00000b00   _AdcMirror
00007100   _AdcRegs
0000c83e   _Adc_offset
000083d3   _AdicionarPonto
003389f8   _Ajusta_OffSet
0000c81c   _Alpha
0000c816   _Alpha_LiMax
0000c817   _Alpha_LiMin
00008419   _AquisitaCanal_1
0000c8f0   _Buffer
0000c8d8   _Buffer1
0000825a   _Calcular
003382f2   _CalcularMediaRms
00338082   _CalcularSkt
0000c90a   _CompensacaoTensao
0033836e   _CompensarTensao
00339291   _ConfigCpuTimer
0033812b   _ConfiguraRampasKIR
00338154   _ConfiguraRampasSKT
003389d8   _Configura_ADC
003387f9   _Configura_EPwm1
00338832   _Configura_EPwm2
0033886c   _Configura_EPwm3
003388a6   _Configura_EPwm4
003388c7   _Configura_EPwm5
003388e8   _Configura_EPwm6
00338903   _Configura_GPIO
00338fb4   _Configura_SciA
003380bf   _ConfigurarRampas
0000c832   _Const_ADC_corrente
0000c830   _Const_ADC_tensao
0000c822   _Const_DAC
0000c834   _Controle_SCRs
0000c99e   _CpuTimer0
00000c00   _CpuTimer0Regs
0000c98e   _CpuTimer1
00000c08   _CpuTimer1Regs
0000c996   _CpuTimer2
00000c10   _CpuTimer2Regs
0033fff8   _CsmPwl
00000ae0   _CsmRegs
00338ebb   _CsmUnlock
00338418   _DATALOG_ISR
0033861d   _DINTCH1_ISR
00338627   _DINTCH2_ISR
00338631   _DINTCH3_ISR
0033863b   _DINTCH4_ISR
00338645   _DINTCH5_ISR
0033864f   _DINTCH6_ISR
00008687   _DSP28x_usDelay
000084b7   _Desabilita_Pulsos
00338ce6   _DetecaoRogowiski
000084ca   _DetecaoZeroPLL
00000880   _DevEmuRegs
00339000   _DevolveACK
00338e0d   _DisableDog
00001000   _DmaRegs
003389be   _Dog_Configura
003389ce   _Dog_Reset
003386a9   _ECAN0INTA_ISR
003386bd   _ECAN0INTB_ISR
003386b3   _ECAN1INTA_ISR
003386c7   _ECAN1INTB_ISR
00338591   _ECAP1_INT_ISR
0033859b   _ECAP2_INT_ISR
003385a5   _ECAP3_INT_ISR
003385af   _ECAP4_INT_ISR
003385b9   _ECAP5_INT_ISR
003385c3   _ECAP6_INT_ISR
00006040   _ECanaLAMRegs
000060c0   _ECanaMOTORegs
00006080   _ECanaMOTSRegs
00006100   _ECanaMboxes
00006000   _ECanaRegs
00006240   _ECanbLAMRegs
000062c0   _ECanbMOTORegs
00006280   _ECanbMOTSRegs
00006300   _ECanbMboxes
00006200   _ECanbRegs
00006a00   _ECap1Regs
00006a20   _ECap2Regs
00006a40   _ECap3Regs
00006a60   _ECap4Regs
00006a80   _ECap5Regs
00006aa0   _ECap6Regs
0033842c   _EMUINT_ISR
00338555   _EPWM1_INT_ISR
00338519   _EPWM1_TZINT_ISR
0033855f   _EPWM2_INT_ISR
00338523   _EPWM2_TZINT_ISR
00338569   _EPWM3_INT_ISR
0033852d   _EPWM3_TZINT_ISR
00338573   _EPWM4_INT_ISR
00338537   _EPWM4_TZINT_ISR
0033857d   _EPWM5_INT_ISR
00338541   _EPWM5_TZINT_ISR
00338587   _EPWM6_INT_ISR
0033854b   _EPWM6_TZINT_ISR
00006800   _EPwm1Regs
00006840   _EPwm2Regs
00006880   _EPwm3Regs
000068c0   _EPwm4Regs
00006900   _EPwm5Regs
00006940   _EPwm6Regs
003385cd   _EQEP1_INT_ISR
003385d7   _EQEP2_INT_ISR
00006b00   _EQep1Regs
00006b40   _EQep2Regs
00339493   _EnableInterrupts
00338aa3   _EscolherPontos
0000c901   _Estado
0000c907   _Fim_pacote
0000c811   _FlagDetectandoBobina
0000c906   _FlagEmergencia
0000c818   _FlagResultadoDetecaoBobina
0000c905   _FlagSoldaConcluida
0000c904   _FlagSoldar
00000a80   _FlashRegs
0000c8ec   _Float2LongTx
003383a1   _Gambiarra_MudaKirParaSkt
0033831f   _GerenciarSolda
00006f80   _GpioCtrlRegs
00006fc0   _GpioDataRegs
00006fe0   _GpioIntRegs
000084aa   _Habilita_Pulsos
00338659   _I2CINT1A_ISR
00338663   _I2CINT2A_ISR
00007900   _I2caRegs
00338440   _ILLEGAL_ISR
00338404   _INT13_ISR
0033840e   _INT14_ISR
00339076   _InicializaPLL
00338beb   _Inicializa_Variaveis
003382a7   _InicializarParametrosSolda
00338b6e   _InicializarVariaveis
00338be8   _Iniciar_Solda
00339578   _InitAdc
00339250   _InitCpuTimers
00338eec   _InitEPwm
00338efa   _InitEPwm1Gpio
00338f0c   _InitEPwm2Gpio
00338f1e   _InitEPwm3Gpio
00338f32   _InitEPwm4Gpio
00338f46   _InitEPwm5Gpio
00338f58   _InitEPwm6Gpio
00338eed   _InitEPwmGpio
00338f6a   _InitEPwmSyncGpio
0000866c   _InitFlash
00339145   _InitMcbspaGpio
00338e63   _InitPeripheralClocks
00339474   _InitPieCtrl
003394e0   _InitPieVectTable
00338e15   _InitPll
0033949c   _InitSpi
0033949d   _InitSpiGpio
003394a0   _InitSpiaGpio
00338dfa   _InitSysCtrl
00338f7e   _InitTzGpio
0000c00c   _InvNAmostrasFiltro
0000c880   _Kir
0033870d   _LUF_ISR
00338703   _LVF_ISR
0000c8ee   _Long2FloatRx
00338609   _MRINTA_ISR
003385f5   _MRINTB_ISR
00338613   _MXINTA_ISR
003385ff   _MXINTB_ISR
00338c7e   _MaquinaEstadoDetecaoRogowiski
00338236   _MaquinaEstados
00339198   _McBsp_DAC
00005000   _McbspaRegs
00005040   _McbspbRegs
00339552   _MemCopy
00338436   _NMI_ISR
00338a3b   _OrdenaPontos
00338717   _PIE_RESERVED
00339092   _PLL
00338be5   _Parar_Solda
00380090   _PartIdRegs
003381af   _Pausa
0000c813   _Per120Hz
0000c812   _PerAmostragem
00000ce0   _PieCtrlRegs
00000d00   _PieVectTable
003395a2   _PieVectTableInit
00008637   _RMS_120Hz
00008617   _RMS_Calcular
00339406   _RMS_Inicializar
0033940a   _RMS_Inicializar_Estrutura
00338422   _RTOSINT_ISR
0032068b   _RamfuncsLoadEnd
00320000   _RamfuncsLoadStart
00008000   _RamfuncsRunStart
00338174   _RampaDescida
00338157   _RampaSubida
00008201   _RecebePacote
00338ff3   _Reportar_Erro_Ilegal
0000c9c0   _Rms
00338681   _SCIRXINTA_ISR
00338695   _SCIRXINTB_ISR
0033866d   _SCIRXINTC_ISR
0033868b   _SCITXINTA_ISR
0033869f   _SCITXINTB_ISR
00338677   _SCITXINTC_ISR
003384d3   _SEQ1INT_ISR
003384dd   _SEQ2INT_ISR
003385e1   _SPIRXINTA_ISR
003385eb   _SPITXINTA_ISR
0000c840   _Saida
0000807b   _SciA_Comandos
0000800c   _SciA_Enviar_5bytes
0000803a   _SciA_Enviar_Pacote
00338fd5   _SciA_Receber
00338fde   _SciA_SendMsg
00008000   _SciA_Transmitir
0033900b   _SciReportarErro
00007050   _SciaRegs
00007750   _ScibRegs
00007770   _ScicRegs
00338e03   _ServiceDog
0033839a   _SetaSkt
00338b9a   _SktUpdate
0000c940   _Solda
00338204   _SoldaContinua
003381c1   _SoldaImpulsos
00338192   _SoldaPrePos
00338066   _SoldaPrincipal
00008595   _SpiA_AquisicaoCorrente
000085b4   _SpiA_AquisicaoTensao
000085d3   _SpiA_CalibracaoAD
0033912a   _SpiA_Configura
00007040   _SpiaRegs
00007010   _SysCtrlRegs
00338505   _TINT0_ISR
0000c81e   _Temp
003384b5   _USER10_ISR
003384bf   _USER11_ISR
003384c9   _USER12_ISR
0033845b   _USER1_ISR
00338465   _USER2_ISR
0033846f   _USER3_ISR
00338479   _USER4_ISR
00338483   _USER5_ISR
0033848d   _USER6_ISR
00338497   _USER7_ISR
003384a1   _USER8_ISR
003384ab   _USER9_ISR
0033850f   _WAKEINT_ISR
003384e7   _XINT1_ISR
003384f1   _XINT2_ISR
003386d1   _XINT3_ISR
003386db   _XINT4_ISR
003386e5   _XINT5_ISR
003386ef   _XINT6_ISR
003386f9   _XINT7_ISR
00007070   _XIntruptRegs
00000b20   _XintfRegs
00000700   __STACK_END
00000300   __STACK_SIZE
00000001   __TI_args_main
ffffffff   ___binit__
ffffffff   ___c_args__
003396fa   ___cinit__
003395a2   ___etext__
ffffffff   ___pinit__
00338000   ___text__
00339520   __args_main
0000c8f4   __cleanup_ptr
0000c8f6   __dtors_ptr
0000c83c   __lock
00339599   __nop
00339595   __register_lock
00339591   __register_unlock
00000400   __stack
0000c83a   __unlock
00339539   _abort
003393c0   _c_int00
0000c82c   _corrente_pu
00339327   _cpu_timer0_isr
00008509   _epwm1_isr
0033935e   _epwm2_isr
0033936b   _epwm3_isr
0000c8eb   _errno
0033953b   _exit
0000c8d4   _f2l
0000c8d2   _i
0000c814   _ii
0033915b   _init_mcbsp_spi
00339016   _itoa
0000c8d6   _jfloat
0033872b   _main
00338000   _pegaCorrente
0000c820   _portA
0000c81a   _portB
00338721   _rsvd_ISR
0000c8dc   _sTemp
003392cc   _sin
0033944f   _spiRxFifoIsr
0033943e   _spiTxFifoIsr
00339500   _sqrt
00339587   _strlen
0000c828   _temp_dac
0000c82e   _tensao_pu
003383e6   _verificaEmergencia
0000c040   _vetor
00339567   _xInt3_isr
00339390   _xInt_Configura
00339378   _xInt_ConfiguraIO
ffffffff   binit
003396fa   cinit
0033fff6   code_start
003395a2   etext
ffffffff   pinit


GLOBAL SYMBOLS: SORTED BY Symbol Address 

address    name
--------   ----
00000001   __TI_args_main
00000300   __STACK_SIZE
00000400   __stack
00000700   __STACK_END
00000880   _DevEmuRegs
00000a80   _FlashRegs
00000ae0   _CsmRegs
00000b00   _AdcMirror
00000b20   _XintfRegs
00000c00   _CpuTimer0Regs
00000c08   _CpuTimer1Regs
00000c10   _CpuTimer2Regs
00000ce0   _PieCtrlRegs
00000d00   _PieVectTable
00001000   _DmaRegs
00005000   _McbspaRegs
00005040   _McbspbRegs
00006000   _ECanaRegs
00006040   _ECanaLAMRegs
00006080   _ECanaMOTSRegs
000060c0   _ECanaMOTORegs
00006100   _ECanaMboxes
00006200   _ECanbRegs
00006240   _ECanbLAMRegs
00006280   _ECanbMOTSRegs
000062c0   _ECanbMOTORegs
00006300   _ECanbMboxes
00006800   _EPwm1Regs
00006840   _EPwm2Regs
00006880   _EPwm3Regs
000068c0   _EPwm4Regs
00006900   _EPwm5Regs
00006940   _EPwm6Regs
00006a00   _ECap1Regs
00006a20   _ECap2Regs
00006a40   _ECap3Regs
00006a60   _ECap4Regs
00006a80   _ECap5Regs
00006aa0   _ECap6Regs
00006b00   _EQep1Regs
00006b40   _EQep2Regs
00006f80   _GpioCtrlRegs
00006fc0   _GpioDataRegs
00006fe0   _GpioIntRegs
00007010   _SysCtrlRegs
00007040   _SpiaRegs
00007050   _SciaRegs
00007070   _XIntruptRegs
00007100   _AdcRegs
00007750   _ScibRegs
00007770   _ScicRegs
00007900   _I2caRegs
00008000   _RamfuncsRunStart
00008000   _SciA_Transmitir
0000800c   _SciA_Enviar_5bytes
0000803a   _SciA_Enviar_Pacote
0000807b   _SciA_Comandos
00008201   _RecebePacote
0000825a   _Calcular
000083d3   _AdicionarPonto
00008419   _AquisitaCanal_1
000084aa   _Habilita_Pulsos
000084b7   _Desabilita_Pulsos
000084ca   _DetecaoZeroPLL
00008509   _epwm1_isr
00008595   _SpiA_AquisicaoCorrente
000085b4   _SpiA_AquisicaoTensao
000085d3   _SpiA_CalibracaoAD
00008617   _RMS_Calcular
00008637   _RMS_120Hz
0000866c   _InitFlash
00008687   _DSP28x_usDelay
0000c00c   _InvNAmostrasFiltro
0000c040   _vetor
0000c810   _ADC_OffSet
0000c811   _FlagDetectandoBobina
0000c812   _PerAmostragem
0000c813   _Per120Hz
0000c814   _ii
0000c816   _Alpha_LiMax
0000c817   _Alpha_LiMin
0000c818   _FlagResultadoDetecaoBobina
0000c81a   _portB
0000c81c   _Alpha
0000c81e   _Temp
0000c820   _portA
0000c822   _Const_DAC
0000c828   _temp_dac
0000c82c   _corrente_pu
0000c82e   _tensao_pu
0000c830   _Const_ADC_tensao
0000c832   _Const_ADC_corrente
0000c834   _Controle_SCRs
0000c83a   __unlock
0000c83c   __lock
0000c83e   _Adc_offset
0000c840   _Saida
0000c880   _Kir
0000c8d2   _i
0000c8d4   _f2l
0000c8d6   _jfloat
0000c8d8   _Buffer1
0000c8dc   _sTemp
0000c8eb   _errno
0000c8ec   _Float2LongTx
0000c8ee   _Long2FloatRx
0000c8f0   _Buffer
0000c8f4   __cleanup_ptr
0000c8f6   __dtors_ptr
0000c901   _Estado
0000c904   _FlagSoldar
0000c905   _FlagSoldaConcluida
0000c906   _FlagEmergencia
0000c907   _Fim_pacote
0000c90a   _CompensacaoTensao
0000c940   _Solda
0000c98e   _CpuTimer1
0000c996   _CpuTimer2
0000c99e   _CpuTimer0
0000c9c0   _Rms
00320000   _RamfuncsLoadStart
0032068b   _RamfuncsLoadEnd
00338000   .text
00338000   ___text__
00338000   _pegaCorrente
00338066   _SoldaPrincipal
00338082   _CalcularSkt
003380bf   _ConfigurarRampas
0033812b   _ConfiguraRampasKIR
00338154   _ConfiguraRampasSKT
00338157   _RampaSubida
00338174   _RampaDescida
00338192   _SoldaPrePos
003381af   _Pausa
003381c1   _SoldaImpulsos
00338204   _SoldaContinua
00338236   _MaquinaEstados
003382a7   _InicializarParametrosSolda
003382f2   _CalcularMediaRms
0033831f   _GerenciarSolda
0033836e   _CompensarTensao
0033839a   _SetaSkt
003383a1   _Gambiarra_MudaKirParaSkt
003383e6   _verificaEmergencia
00338404   _INT13_ISR
0033840e   _INT14_ISR
00338418   _DATALOG_ISR
00338422   _RTOSINT_ISR
0033842c   _EMUINT_ISR
00338436   _NMI_ISR
00338440   _ILLEGAL_ISR
0033845b   _USER1_ISR
00338465   _USER2_ISR
0033846f   _USER3_ISR
00338479   _USER4_ISR
00338483   _USER5_ISR
0033848d   _USER6_ISR
00338497   _USER7_ISR
003384a1   _USER8_ISR
003384ab   _USER9_ISR
003384b5   _USER10_ISR
003384bf   _USER11_ISR
003384c9   _USER12_ISR
003384d3   _SEQ1INT_ISR
003384dd   _SEQ2INT_ISR
003384e7   _XINT1_ISR
003384f1   _XINT2_ISR
003384fb   _ADCINT_ISR
00338505   _TINT0_ISR
0033850f   _WAKEINT_ISR
00338519   _EPWM1_TZINT_ISR
00338523   _EPWM2_TZINT_ISR
0033852d   _EPWM3_TZINT_ISR
00338537   _EPWM4_TZINT_ISR
00338541   _EPWM5_TZINT_ISR
0033854b   _EPWM6_TZINT_ISR
00338555   _EPWM1_INT_ISR
0033855f   _EPWM2_INT_ISR
00338569   _EPWM3_INT_ISR
00338573   _EPWM4_INT_ISR
0033857d   _EPWM5_INT_ISR
00338587   _EPWM6_INT_ISR
00338591   _ECAP1_INT_ISR
0033859b   _ECAP2_INT_ISR
003385a5   _ECAP3_INT_ISR
003385af   _ECAP4_INT_ISR
003385b9   _ECAP5_INT_ISR
003385c3   _ECAP6_INT_ISR
003385cd   _EQEP1_INT_ISR
003385d7   _EQEP2_INT_ISR
003385e1   _SPIRXINTA_ISR
003385eb   _SPITXINTA_ISR
003385f5   _MRINTB_ISR
003385ff   _MXINTB_ISR
00338609   _MRINTA_ISR
00338613   _MXINTA_ISR
0033861d   _DINTCH1_ISR
00338627   _DINTCH2_ISR
00338631   _DINTCH3_ISR
0033863b   _DINTCH4_ISR
00338645   _DINTCH5_ISR
0033864f   _DINTCH6_ISR
00338659   _I2CINT1A_ISR
00338663   _I2CINT2A_ISR
0033866d   _SCIRXINTC_ISR
00338677   _SCITXINTC_ISR
00338681   _SCIRXINTA_ISR
0033868b   _SCITXINTA_ISR
00338695   _SCIRXINTB_ISR
0033869f   _SCITXINTB_ISR
003386a9   _ECAN0INTA_ISR
003386b3   _ECAN1INTA_ISR
003386bd   _ECAN0INTB_ISR
003386c7   _ECAN1INTB_ISR
003386d1   _XINT3_ISR
003386db   _XINT4_ISR
003386e5   _XINT5_ISR
003386ef   _XINT6_ISR
003386f9   _XINT7_ISR
00338703   _LVF_ISR
0033870d   _LUF_ISR
00338717   _PIE_RESERVED
00338721   _rsvd_ISR
0033872b   _main
003387f9   _Configura_EPwm1
00338832   _Configura_EPwm2
0033886c   _Configura_EPwm3
003388a6   _Configura_EPwm4
003388c7   _Configura_EPwm5
003388e8   _Configura_EPwm6
00338903   _Configura_GPIO
003389be   _Dog_Configura
003389ce   _Dog_Reset
003389d8   _Configura_ADC
003389f8   _Ajusta_OffSet
00338a3b   _OrdenaPontos
00338aa3   _EscolherPontos
00338b6e   _InicializarVariaveis
00338b9a   _SktUpdate
00338be5   _Parar_Solda
00338be8   _Iniciar_Solda
00338beb   _Inicializa_Variaveis
00338c7e   _MaquinaEstadoDetecaoRogowiski
00338ce6   _DetecaoRogowiski
00338cf3   LL$$DIV
00338d2f   LL$$MOD
00338d69   ULL$$DIV
00338d98   ULL$$MOD
00338dfa   _InitSysCtrl
00338e03   _ServiceDog
00338e0d   _DisableDog
00338e15   _InitPll
00338e63   _InitPeripheralClocks
00338ebb   _CsmUnlock
00338eec   _InitEPwm
00338eed   _InitEPwmGpio
00338efa   _InitEPwm1Gpio
00338f0c   _InitEPwm2Gpio
00338f1e   _InitEPwm3Gpio
00338f32   _InitEPwm4Gpio
00338f46   _InitEPwm5Gpio
00338f58   _InitEPwm6Gpio
00338f6a   _InitEPwmSyncGpio
00338f7e   _InitTzGpio
00338fb4   _Configura_SciA
00338fd5   _SciA_Receber
00338fde   _SciA_SendMsg
00338ff3   _Reportar_Erro_Ilegal
00339000   _DevolveACK
0033900b   _SciReportarErro
00339016   _itoa
00339076   _InicializaPLL
00339092   _PLL
0033912a   _SpiA_Configura
00339145   _InitMcbspaGpio
0033915b   _init_mcbsp_spi
00339198   _McBsp_DAC
003391c8   FS$$DIV
00339250   _InitCpuTimers
00339291   _ConfigCpuTimer
003392cc   _sin
00339327   _cpu_timer0_isr
0033935e   _epwm2_isr
0033936b   _epwm3_isr
00339378   _xInt_ConfiguraIO
00339390   _xInt_Configura
003393c0   _c_int00
00339406   _RMS_Inicializar
0033940a   _RMS_Inicializar_Estrutura
0033943e   _spiTxFifoIsr
0033944f   _spiRxFifoIsr
00339474   _InitPieCtrl
00339493   _EnableInterrupts
0033949c   _InitSpi
0033949d   _InitSpiGpio
003394a0   _InitSpiaGpio
003394be   I$$DIV
003394cf   I$$MOD
003394e0   _InitPieVectTable
00339500   _sqrt
00339520   __args_main
00339539   C$$EXIT
00339539   _abort
0033953b   _exit
00339552   _MemCopy
00339567   _xInt3_isr
00339578   _InitAdc
00339587   _strlen
00339591   __register_unlock
00339595   __register_lock
00339599   __nop
003395a2   _PieVectTableInit
003395a2   ___etext__
003395a2   etext
003396fa   ___cinit__
003396fa   cinit
0033fff6   code_start
0033fff8   _CsmPwl
00380080   _ADC_cal
00380090   _PartIdRegs
ffffffff   ___binit__
ffffffff   ___c_args__
ffffffff   ___pinit__
ffffffff   binit
ffffffff   pinit

[325 symbols]
