******************************************************************************
  TMS320C2000 Evaluation Linker PC v6.0.1                      
******************************************************************************
>> Linked Fri Mar 23 18:33:27 2012

OUTPUT FILE NAME:   <MaquinaSolda2011.out>
ENTRY POINT SYMBOL: "code_start"  address: 00000000


MEMORY CONFIGURATION

         name            origin    length      used     unused   attr    fill
----------------------  --------  ---------  --------  --------  ----  --------
PAGE 0:
  BEGIN                 00000000   00000002  00000002  00000000  RWIX
  BOOT_RSVD             00000002   0000004e  00000000  0000004e  RWIX
  RAMM0                 00000050   000003b0  00000000  000003b0  RWIX
  RAML0                 00008000   00001000  000007dd  00000823  RWIX
  RAML1                 00009000   00001e00  00001888  00000578  RWIX
  RAML2                 0000ae00   00000100  00000000  00000100  RWIX
  RAML3                 0000b000   00001000  00000000  00001000  RWIX
  ZONE7A                00200000   0000fc00  00000000  0000fc00  RWIX
  CSM_RSVD              0033ff80   00000076  00000000  00000076  RWIX
  CSM_PWL               0033fff8   00000008  00000000  00000008  RWIX
  ADC_CAL               00380080   00000009  00000007  00000002  RWIX
  IQTABLES              003fe000   00000b50  00000000  00000b50  RWIX
  IQTABLES2             003feb50   0000008c  00000000  0000008c  RWIX
  FPUTABLES             003febdc   000006a0  00000000  000006a0  RWIX
  BOOTROM               003ff27c   00000d44  00000000  00000d44  RWIX
  RESET                 003fffc0   00000002  00000000  00000002  RWIX

PAGE 1:
  RAMM1                 00000400   00000400  00000300  00000100  RWIX
  DEV_EMU               00000880   00000180  000000d0  000000b0  RWIX
  FLASH_REGS            00000a80   00000060  00000008  00000058  RWIX
  CSM                   00000ae0   00000010  00000010  00000000  RWIX
  ADC_MIRROR            00000b00   00000010  00000010  00000000  RWIX
  XINTF                 00000b20   00000020  0000001e  00000002  RWIX
  CPU_TIMER0            00000c00   00000008  00000008  00000000  RWIX
  CPU_TIMER1            00000c08   00000008  00000008  00000000  RWIX
  CPU_TIMER2            00000c10   00000008  00000008  00000000  RWIX
  PIE_CTRL              00000ce0   00000020  0000001a  00000006  RWIX
  PIE_VECT              00000d00   00000100  00000100  00000000  RWIX
  DMA                   00001000   00000200  000000e0  00000120  RWIX
  MCBSPA                00005000   00000040  00000025  0000001b  RWIX
  MCBSPB                00005040   00000040  00000025  0000001b  RWIX
  ECANA                 00006000   00000040  00000034  0000000c  RWIX
  ECANA_LAM             00006040   00000040  00000040  00000000  RWIX
  ECANA_MOTS            00006080   00000040  00000040  00000000  RWIX
  ECANA_MOTO            000060c0   00000040  00000040  00000000  RWIX
  ECANA_MBOX            00006100   00000100  00000100  00000000  RWIX
  ECANB                 00006200   00000040  00000034  0000000c  RWIX
  ECANB_LAM             00006240   00000040  00000040  00000000  RWIX
  ECANB_MOTS            00006280   00000040  00000040  00000000  RWIX
  ECANB_MOTO            000062c0   00000040  00000040  00000000  RWIX
  ECANB_MBOX            00006300   00000100  00000100  00000000  RWIX
  EPWM1                 00006800   00000022  00000022  00000000  RWIX
  EPWM2                 00006840   00000022  00000022  00000000  RWIX
  EPWM3                 00006880   00000022  00000022  00000000  RWIX
  EPWM4                 000068c0   00000022  00000022  00000000  RWIX
  EPWM5                 00006900   00000022  00000022  00000000  RWIX
  EPWM6                 00006940   00000022  00000022  00000000  RWIX
  ECAP1                 00006a00   00000020  00000020  00000000  RWIX
  ECAP2                 00006a20   00000020  00000020  00000000  RWIX
  ECAP3                 00006a40   00000020  00000020  00000000  RWIX
  ECAP4                 00006a60   00000020  00000020  00000000  RWIX
  ECAP5                 00006a80   00000020  00000020  00000000  RWIX
  ECAP6                 00006aa0   00000020  00000020  00000000  RWIX
  EQEP1                 00006b00   00000040  00000040  00000000  RWIX
  EQEP2                 00006b40   00000040  00000040  00000000  RWIX
  GPIOCTRL              00006f80   00000040  0000002e  00000012  RWIX
  GPIODAT               00006fc0   00000020  00000020  00000000  RWIX
  GPIOINT               00006fe0   00000020  0000000a  00000016  RWIX
  SYSTEM                00007010   00000020  00000020  00000000  RWIX
  SPIA                  00007040   00000010  00000010  00000000  RWIX
  SCIA                  00007050   00000010  00000010  00000000  RWIX
  XINTRUPT              00007070   00000010  00000010  00000000  RWIX
  ADC                   00007100   00000020  0000001e  00000002  RWIX
  SCIB                  00007750   00000010  00000010  00000000  RWIX
  SCIC                  00007770   00000010  00000010  00000000  RWIX
  I2CA                  00007900   00000040  00000022  0000001e  RWIX
  RAML4                 0000c000   00001000  00000a1a  000005e6  RWIX
  RAML5                 0000d000   00001000  000003c8  00000c38  RWIX
  RAML6                 0000e000   00001000  00000000  00001000  RWIX
  RAML7                 0000f000   00001000  00000000  00001000  RWIX
  ZONE7B                0020fc00   00000400  00000000  00000400  RWIX
  CSM_PWL               0033fff8   00000008  00000008  00000000  RWIX
  PARTID                00380090   00000001  00000001  00000000  RWIX


SECTION ALLOCATION MAP

 output                                  attributes/
section   page    origin      length       input sections
--------  ----  ----------  ----------   ----------------
codestart 
*          0    00000000    00000002     
                  00000000    00000002     DSP2833x_CodeStartBranch.obj (codestart)

.pinit     0    00008000    00000000     UNINITIALIZED

ramfuncs   0    00008000    000006a2     
                  00008000    000001bf     Modo_KIR.obj (ramfuncs)
                  000081bf    00000184     Comandos.obj (ramfuncs)
                  00008343    00000105     Jakson_Funcoes.obj (ramfuncs)
                  00008448    000000d2     J_SciA_Protocolo_27_02_10.obj (ramfuncs)
                  0000851a    00000094     Maquina_Solda.obj (ramfuncs:retain)
                  000085ae    00000080     J_SpiA.obj (ramfuncs)
                  0000862e    00000055     J_RMS.obj (ramfuncs)
                  00008683    0000001b     DSP2833x_SysCtrl.obj (ramfuncs)
                  0000869e    00000004     DSP2833x_usDelay.obj (ramfuncs)

.cinit     0    000086a2    00000115     
                  000086a2    00000060     Jakson_Funcoes.obj (.cinit)
                  00008702    00000031     Solda_v1.obj (.cinit)
                  00008733    0000002a     Modo_KIR.obj (.cinit)
                  0000875d    00000027     PLL.obj (.cinit)
                  00008784    0000000c     J_RMS.obj (.cinit)
                  00008790    0000000a     rts2800_fpu32.lib : _lock.obj (.cinit)
                  0000879a    0000000a                       : exit.obj (.cinit)
                  000087a4    00000005     J_SpiA.obj (.cinit)
                  000087a9    00000004     J_SciA_Protocolo_27_02_10.obj (.cinit)
                  000087ad    00000004     Maquina_Solda.obj (.cinit)
                  000087b1    00000004     rts2800_fpu32.lib : errno.obj (.cinit)
                  000087b5    00000002     --HOLE-- [fill = 0]

.switch    0    000087b8    00000026     
                  000087b8    00000026     Comandos.obj (.switch:_Comandos)

.text      0    00009000    00001888     
                  00009000    000003fa     Solda_v1.obj (.text)
                  000093fa    00000327     DSP2833x_DefaultIsr.obj (.text:retain)
                  00009721    00000312     Maquina_Solda.obj (.text)
                  00009a33    000001b3     Comandos.obj (.text)
                  00009be6    000001ad     Jakson_Funcoes.obj (.text)
                  00009d93    0000015f     Modo_KIR.obj (.text)
                  00009ef2    00000134     rts2800_fpu32.lib : strtod.obj (.text)
                  0000a026    00000107                       : ll_div.obj (.text)
                  0000a12d    000000f2     DSP2833x_SysCtrl.obj (.text)
                  0000a21f    000000c8     DSP2833x_EPwm.obj (.text)
                  0000a2e7    000000b4     PLL.obj (.text)
                  0000a39b    0000009f     J_SpiA.obj (.text)
                  0000a43a    00000088     rts2800_fpu32.lib : fs_div.obj (.text)
                  0000a4c2    0000007c     DSP2833x_CpuTimers.obj (.text)
                  0000a53e    0000005b     rts2800_fpu32.lib : sin.obj (.text)
                  0000a599    00000051     Maquina_Solda.obj (.text:retain)
                  0000a5ea    00000048     J_xInt.obj (.text)
                  0000a632    00000046     rts2800_fpu32.lib : boot.obj (.text)
                  0000a678    0000003f     J_SciA_Protocolo_27_02_10.obj (.text)
                  0000a6b7    00000038     J_RMS.obj (.text)
                  0000a6ef    00000036     J_SpiA.obj (.text:retain)
                  0000a725    00000031     rts2800_fpu32.lib : atoi.obj (.text)
                  0000a756    00000028     DSP2833x_PieCtrl.obj (.text)
                  0000a77e    00000022     DSP2833x_Spi.obj (.text)
                  0000a7a0    00000022     rts2800_fpu32.lib : i_div.obj (.text)
                  0000a7c2    00000020     DSP2833x_PieVect.obj (.text)
                  0000a7e2    00000020     rts2800_fpu32.lib : sqrt.obj (.text)
                  0000a802    00000019                       : args_main.obj (.text)
                  0000a81b    00000019                       : exit.obj (.text)
                  0000a834    00000015     DSP2833x_MemCopy.obj (.text)
                  0000a849    00000011     J_xInt.obj (.text:retain)
                  0000a85a    0000000f     DSP2833x_Adc.obj (.text)
                  0000a869    0000000a     rts2800_fpu32.lib : strlen.obj (.text)
                  0000a873    00000009                       : _lock.obj (.text)
                  0000a87c    00000008     DSP2833x_CodeStartBranch.obj (.text)
                  0000a884    00000004     rts2800_fpu32.lib : atof.obj (.text)

csm_rsvd   0    0033ff80    00000000     DSECT

csmpasswds 
*          0    0033fff8    00000000     DSECT

.adc_cal   0    00380080    00000007     NOLOAD SECTION
                  00380080    00000007     DSP2833x_ADC_cal.obj (.adc_cal)

.reset     0    003fffc0    00000002     DSECT
                  003fffc0    00000002     rts2800_fpu32.lib : boot.obj (.reset)

.stack     1    00000400    00000300     UNINITIALIZED
                  00000400    00000300     --HOLE--

DevEmuRegsFile 
*          1    00000880    000000d0     UNINITIALIZED
                  00000880    000000d0     DSP2833x_GlobalVariableDefs.obj (DevEmuRegsFile)

FlashRegsFile 
*          1    00000a80    00000008     UNINITIALIZED
                  00000a80    00000008     DSP2833x_GlobalVariableDefs.obj (FlashRegsFile)

CsmRegsFile 
*          1    00000ae0    00000010     UNINITIALIZED
                  00000ae0    00000010     DSP2833x_GlobalVariableDefs.obj (CsmRegsFile)

AdcMirrorFile 
*          1    00000b00    00000010     UNINITIALIZED
                  00000b00    00000010     DSP2833x_GlobalVariableDefs.obj (AdcMirrorFile)

XintfRegsFile 
*          1    00000b20    0000001e     UNINITIALIZED
                  00000b20    0000001e     DSP2833x_GlobalVariableDefs.obj (XintfRegsFile)

CpuTimer0RegsFile 
*          1    00000c00    00000008     UNINITIALIZED
                  00000c00    00000008     DSP2833x_GlobalVariableDefs.obj (CpuTimer0RegsFile)

CpuTimer1RegsFile 
*          1    00000c08    00000008     UNINITIALIZED
                  00000c08    00000008     DSP2833x_GlobalVariableDefs.obj (CpuTimer1RegsFile)

CpuTimer2RegsFile 
*          1    00000c10    00000008     UNINITIALIZED
                  00000c10    00000008     DSP2833x_GlobalVariableDefs.obj (CpuTimer2RegsFile)

PieCtrlRegsFile 
*          1    00000ce0    0000001a     UNINITIALIZED
                  00000ce0    0000001a     DSP2833x_GlobalVariableDefs.obj (PieCtrlRegsFile)

PieVectTableFile 
*          1    00000d00    00000100     UNINITIALIZED
                  00000d00    00000100     DSP2833x_GlobalVariableDefs.obj (PieVectTableFile)

DmaRegsFile 
*          1    00001000    000000e0     UNINITIALIZED
                  00001000    000000e0     DSP2833x_GlobalVariableDefs.obj (DmaRegsFile)

McbspaRegsFile 
*          1    00005000    00000025     UNINITIALIZED
                  00005000    00000025     DSP2833x_GlobalVariableDefs.obj (McbspaRegsFile)

McbspbRegsFile 
*          1    00005040    00000025     UNINITIALIZED
                  00005040    00000025     DSP2833x_GlobalVariableDefs.obj (McbspbRegsFile)

ECanaRegsFile 
*          1    00006000    00000034     UNINITIALIZED
                  00006000    00000034     DSP2833x_GlobalVariableDefs.obj (ECanaRegsFile)

ECanaLAMRegsFile 
*          1    00006040    00000040     UNINITIALIZED
                  00006040    00000040     DSP2833x_GlobalVariableDefs.obj (ECanaLAMRegsFile)

ECanaMOTSRegsFile 
*          1    00006080    00000040     UNINITIALIZED
                  00006080    00000040     DSP2833x_GlobalVariableDefs.obj (ECanaMOTSRegsFile)

ECanaMOTORegsFile 
*          1    000060c0    00000040     UNINITIALIZED
                  000060c0    00000040     DSP2833x_GlobalVariableDefs.obj (ECanaMOTORegsFile)

ECanaMboxesFile 
*          1    00006100    00000100     UNINITIALIZED
                  00006100    00000100     DSP2833x_GlobalVariableDefs.obj (ECanaMboxesFile)

ECanbRegsFile 
*          1    00006200    00000034     UNINITIALIZED
                  00006200    00000034     DSP2833x_GlobalVariableDefs.obj (ECanbRegsFile)

ECanbLAMRegsFile 
*          1    00006240    00000040     UNINITIALIZED
                  00006240    00000040     DSP2833x_GlobalVariableDefs.obj (ECanbLAMRegsFile)

ECanbMOTSRegsFile 
*          1    00006280    00000040     UNINITIALIZED
                  00006280    00000040     DSP2833x_GlobalVariableDefs.obj (ECanbMOTSRegsFile)

ECanbMOTORegsFile 
*          1    000062c0    00000040     UNINITIALIZED
                  000062c0    00000040     DSP2833x_GlobalVariableDefs.obj (ECanbMOTORegsFile)

ECanbMboxesFile 
*          1    00006300    00000100     UNINITIALIZED
                  00006300    00000100     DSP2833x_GlobalVariableDefs.obj (ECanbMboxesFile)

EPwm1RegsFile 
*          1    00006800    00000022     UNINITIALIZED
                  00006800    00000022     DSP2833x_GlobalVariableDefs.obj (EPwm1RegsFile)

EPwm2RegsFile 
*          1    00006840    00000022     UNINITIALIZED
                  00006840    00000022     DSP2833x_GlobalVariableDefs.obj (EPwm2RegsFile)

EPwm3RegsFile 
*          1    00006880    00000022     UNINITIALIZED
                  00006880    00000022     DSP2833x_GlobalVariableDefs.obj (EPwm3RegsFile)

EPwm4RegsFile 
*          1    000068c0    00000022     UNINITIALIZED
                  000068c0    00000022     DSP2833x_GlobalVariableDefs.obj (EPwm4RegsFile)

EPwm5RegsFile 
*          1    00006900    00000022     UNINITIALIZED
                  00006900    00000022     DSP2833x_GlobalVariableDefs.obj (EPwm5RegsFile)

EPwm6RegsFile 
*          1    00006940    00000022     UNINITIALIZED
                  00006940    00000022     DSP2833x_GlobalVariableDefs.obj (EPwm6RegsFile)

ECap1RegsFile 
*          1    00006a00    00000020     UNINITIALIZED
                  00006a00    00000020     DSP2833x_GlobalVariableDefs.obj (ECap1RegsFile)

ECap2RegsFile 
*          1    00006a20    00000020     UNINITIALIZED
                  00006a20    00000020     DSP2833x_GlobalVariableDefs.obj (ECap2RegsFile)

ECap3RegsFile 
*          1    00006a40    00000020     UNINITIALIZED
                  00006a40    00000020     DSP2833x_GlobalVariableDefs.obj (ECap3RegsFile)

ECap4RegsFile 
*          1    00006a60    00000020     UNINITIALIZED
                  00006a60    00000020     DSP2833x_GlobalVariableDefs.obj (ECap4RegsFile)

ECap5RegsFile 
*          1    00006a80    00000020     UNINITIALIZED
                  00006a80    00000020     DSP2833x_GlobalVariableDefs.obj (ECap5RegsFile)

ECap6RegsFile 
*          1    00006aa0    00000020     UNINITIALIZED
                  00006aa0    00000020     DSP2833x_GlobalVariableDefs.obj (ECap6RegsFile)

EQep1RegsFile 
*          1    00006b00    00000040     UNINITIALIZED
                  00006b00    00000040     DSP2833x_GlobalVariableDefs.obj (EQep1RegsFile)

EQep2RegsFile 
*          1    00006b40    00000040     UNINITIALIZED
                  00006b40    00000040     DSP2833x_GlobalVariableDefs.obj (EQep2RegsFile)

GpioCtrlRegsFile 
*          1    00006f80    0000002e     UNINITIALIZED
                  00006f80    0000002e     DSP2833x_GlobalVariableDefs.obj (GpioCtrlRegsFile)

GpioDataRegsFile 
*          1    00006fc0    00000020     UNINITIALIZED
                  00006fc0    00000020     DSP2833x_GlobalVariableDefs.obj (GpioDataRegsFile)

GpioIntRegsFile 
*          1    00006fe0    0000000a     UNINITIALIZED
                  00006fe0    0000000a     DSP2833x_GlobalVariableDefs.obj (GpioIntRegsFile)

SysCtrlRegsFile 
*          1    00007010    00000020     UNINITIALIZED
                  00007010    00000020     DSP2833x_GlobalVariableDefs.obj (SysCtrlRegsFile)

SpiaRegsFile 
*          1    00007040    00000010     UNINITIALIZED
                  00007040    00000010     DSP2833x_GlobalVariableDefs.obj (SpiaRegsFile)

SciaRegsFile 
*          1    00007050    00000010     UNINITIALIZED
                  00007050    00000010     DSP2833x_GlobalVariableDefs.obj (SciaRegsFile)

XIntruptRegsFile 
*          1    00007070    00000010     UNINITIALIZED
                  00007070    00000010     DSP2833x_GlobalVariableDefs.obj (XIntruptRegsFile)

AdcRegsFile 
*          1    00007100    0000001e     UNINITIALIZED
                  00007100    0000001e     DSP2833x_GlobalVariableDefs.obj (AdcRegsFile)

ScibRegsFile 
*          1    00007750    00000010     UNINITIALIZED
                  00007750    00000010     DSP2833x_GlobalVariableDefs.obj (ScibRegsFile)

ScicRegsFile 
*          1    00007770    00000010     UNINITIALIZED
                  00007770    00000010     DSP2833x_GlobalVariableDefs.obj (ScicRegsFile)

I2caRegsFile 
*          1    00007900    00000022     UNINITIALIZED
                  00007900    00000022     DSP2833x_GlobalVariableDefs.obj (I2caRegsFile)

.ebss      1    0000c000    00000a1a     UNINITIALIZED
                  0000c000    00000810     PLL.obj (.ebss)
                  0000c810    0000002a     Jakson_Funcoes.obj (.ebss)
                  0000c83a    00000004     rts2800_fpu32.lib : _lock.obj (.ebss)
                  0000c83e    00000002     J_SpiA.obj (.ebss)
                  0000c840    00000092     Modo_KIR.obj (.ebss)
                  0000c8d2    00000018     DSP2833x_CpuTimers.obj (.ebss)
                  0000c8ea    00000013     Maquina_Solda.obj (.ebss)
                  0000c8fd    00000001     rts2800_fpu32.lib : errno.obj (.ebss)
                  0000c8fe    00000002     --HOLE--
                  0000c900    0000008e     Solda_v1.obj (.ebss)
                  0000c98e    00000011     J_SciA_Protocolo_27_02_10.obj (.ebss)
                  0000c99f    00000001     --HOLE--
                  0000c9a0    00000004     rts2800_fpu32.lib : exit.obj (.ebss)
                  0000c9a4    0000001c     --HOLE--
                  0000c9c0    0000005a     J_RMS.obj (.ebss)

.econst    1    0000d000    000003c8     
                  0000d000    0000014e     Comandos.obj (.econst:.string)
                  0000d14e    00000101     rts2800_fpu32.lib : ctype.obj (.econst:__ctypes_)
                  0000d24f    00000001     --HOLE-- [fill = 0]
                  0000d250    00000100     DSP2833x_PieVect.obj (.econst)
                  0000d350    00000058     J_RMS.obj (.econst)
                  0000d3a8    00000014     rts2800_fpu32.lib : strtod.obj (.econst:_digits)
                  0000d3bc    0000000c                       : strtod.obj (.econst:_powerof10)

CsmPwlFile 
*          1    0033fff8    00000008     UNINITIALIZED
                  0033fff8    00000008     DSP2833x_GlobalVariableDefs.obj (CsmPwlFile)

PartIdRegsFile 
*          1    00380090    00000001     UNINITIALIZED
                  00380090    00000001     DSP2833x_GlobalVariableDefs.obj (PartIdRegsFile)


GLOBAL SYMBOLS: SORTED ALPHABETICALLY BY Name 

address    name
--------   ----
00009000   .text
0000a81b   C$$EXIT
0000a43a   FS$$DIV
0000a7a0   I$$DIV
0000a7b1   I$$MOD
0000a026   LL$$DIV
0000a062   LL$$MOD
0000a09c   ULL$$DIV
0000a0cb   ULL$$MOD
000094f1   _ADCINT_ISR
0000c811   _ADC_OffSet
00380080   _ADC_cal
00000b00   _AdcMirror
00007100   _AdcRegs
0000c83e   _Adc_offset
00008179   _AdicionarPonto
000099f0   _Ajusta_OffSet
0000c819   _Alpha_LiMax
0000c817   _Alpha_LiMin
00008343   _AquisitaCanal_1
0000c994   _Buffer
00008000   _Calcular
000092eb   _CalcularMediaRms
00009082   _CalcularSkt
000081bf   _Comandos
0000c90a   _CompensacaoTensao
00009364   _CompensarTensao
0000a503   _ConfigCpuTimer
0000912b   _ConfiguraRampasKIR
00009154   _ConfiguraRampasSKT
000099d0   _Configura_ADC
000097e7   _Configura_EPwm1
00009829   _Configura_EPwm2
0000984b   _Configura_EPwm3
0000986d   _Configura_EPwm4
00009890   _Configura_EPwm5
000098b2   _Configura_EPwm6
000098d4   _Configura_GPIO
0000a678   _Configura_SciA
000090bf   _ConfigurarRampas
0000c832   _Const_ADC_corrente
0000c830   _Const_ADC_tensao
0000c82a   _Const_DAC
0000c834   _Controle_SCRs
0000c8e2   _CpuTimer0
00000c00   _CpuTimer0Regs
0000c8d2   _CpuTimer1
00000c08   _CpuTimer1Regs
0000c8da   _CpuTimer2
00000c10   _CpuTimer2Regs
0033fff8   _CsmPwl
00000ae0   _CsmRegs
0000a1ee   _CsmUnlock
0000940e   _DATALOG_ISR
00009613   _DINTCH1_ISR
0000961d   _DINTCH2_ISR
00009627   _DINTCH3_ISR
00009631   _DINTCH4_ISR
0000963b   _DINTCH5_ISR
00009645   _DINTCH6_ISR
0000869e   _DSP28x_usDelay
000083f0   _Desabilita_Pulsos
00009d86   _DetecaoRogowiski
00008401   _DetecaoZeroPLL
00000880   _DevEmuRegs
00009a4c   _DevolveACK
0000a140   _DisableDog
00001000   _DmaRegs
000099b6   _Dog_Configura
000099c6   _Dog_Reset
0000969f   _ECAN0INTA_ISR
000096b3   _ECAN0INTB_ISR
000096a9   _ECAN1INTA_ISR
000096bd   _ECAN1INTB_ISR
00009587   _ECAP1_INT_ISR
00009591   _ECAP2_INT_ISR
0000959b   _ECAP3_INT_ISR
000095a5   _ECAP4_INT_ISR
000095af   _ECAP5_INT_ISR
000095b9   _ECAP6_INT_ISR
00006040   _ECanaLAMRegs
000060c0   _ECanaMOTORegs
00006080   _ECanaMOTSRegs
00006100   _ECanaMboxes
00006000   _ECanaRegs
00006240   _ECanbLAMRegs
000062c0   _ECanbMOTORegs
00006280   _ECanbMOTSRegs
00006300   _ECanbMboxes
00006200   _ECanbRegs
00006a00   _ECap1Regs
00006a20   _ECap2Regs
00006a40   _ECap3Regs
00006a60   _ECap4Regs
00006a80   _ECap5Regs
00006aa0   _ECap6Regs
00009422   _EMUINT_ISR
0000954b   _EPWM1_INT_ISR
0000950f   _EPWM1_TZINT_ISR
00009555   _EPWM2_INT_ISR
00009519   _EPWM2_TZINT_ISR
0000955f   _EPWM3_INT_ISR
00009523   _EPWM3_TZINT_ISR
00009569   _EPWM4_INT_ISR
0000952d   _EPWM4_TZINT_ISR
00009573   _EPWM5_INT_ISR
00009537   _EPWM5_TZINT_ISR
0000957d   _EPWM6_INT_ISR
00009541   _EPWM6_TZINT_ISR
00006800   _EPwm1Regs
00006840   _EPwm2Regs
00006880   _EPwm3Regs
000068c0   _EPwm4Regs
00006900   _EPwm5Regs
00006940   _EPwm6Regs
000095c3   _EQEP1_INT_ISR
000095cd   _EQEP2_INT_ISR
00006b00   _EQep1Regs
00006b40   _EQep2Regs
0000a775   _EnableInterrupts
00009dfb   _EscolherPontos
0000c904   _Estado
0000c900   _Fim_pacote
0000c81a   _FlagDetectandoBobina
0000c906   _FlagEmergencia
0000c818   _FlagResultadoDetecaoBobina
0000c908   _FlagSoldaConcluida
0000c907   _FlagSoldar
00000a80   _FlashRegs
0000c990   _Float2LongTx
00009397   _Gambiarra_MudaKirParaSkt
00009318   _GerenciarSolda
00006f80   _GpioCtrlRegs
00006fc0   _GpioDataRegs
00006fe0   _GpioIntRegs
000083e3   _Habilita_Pulsos
0000c810   _HalfPerDAC_PWM
0000964f   _I2CINT1A_ISR
00009659   _I2CINT2A_ISR
00007900   _I2caRegs
00009436   _ILLEGAL_ISR
000093fa   _INT13_ISR
00009404   _INT14_ISR
0000a2e7   _InicializaPLL
00009c37   _Inicializa_Variaveis
000092a0   _InicializarParametrosSolda
00009ec6   _InicializarVariaveis
00009c34   _Iniciar_Solda
0000a85a   _InitAdc
0000a4c2   _InitCpuTimers
0000a21f   _InitEPwm
0000a22d   _InitEPwm1Gpio
0000a23f   _InitEPwm2Gpio
0000a251   _InitEPwm3Gpio
0000a265   _InitEPwm4Gpio
0000a279   _InitEPwm5Gpio
0000a28b   _InitEPwm6Gpio
0000a220   _InitEPwmGpio
0000a29d   _InitEPwmSyncGpio
00008683   _InitFlash
0000a3b6   _InitMcbspaGpio
0000a196   _InitPeripheralClocks
0000a756   _InitPieCtrl
0000a7c2   _InitPieVectTable
0000a148   _InitPll
0000a77e   _InitSpi
0000a77f   _InitSpiGpio
0000a782   _InitSpiaGpio
0000a12d   _InitSysCtrl
0000a2b1   _InitTzGpio
0000c00c   _InvNAmostrasFiltro
0000c880   _Kir
00009703   _LUF_ISR
000096f9   _LVF_ISR
0000c992   _Long2FloatRx
000095ff   _MRINTA_ISR
000095eb   _MRINTB_ISR
00009609   _MXINTA_ISR
000095f5   _MXINTB_ISR
00009d1e   _MaquinaEstadoDetecaoRogowiski
0000922f   _MaquinaEstados
0000a40a   _McBsp_DAC
00005000   _McbspaRegs
00005040   _McbspbRegs
0000a834   _MemCopy
0000942c   _NMI_ISR
00009d93   _OrdenaPontos
0000970d   _PIE_RESERVED
0000a303   _PLL
00009c31   _Parar_Solda
00380090   _PartIdRegs
000091ac   _Pausa
0000c812   _Per120Hz
0000c814   _PerAmostragem
0000c813   _PerTremPulsos
00000ce0   _PieCtrlRegs
00000d00   _PieVectTable
0000d250   _PieVectTableInit
0000864e   _RMS_120Hz
0000862e   _RMS_Calcular
0000a6b7   _RMS_Inicializar
0000a6bb   _RMS_Inicializar_Estrutura
00009418   _RTOSINT_ISR
00009173   _RampaDescida
00009157   _RampaSubida
000084c3   _RecebePacote
00009a3f   _Reportar_Erro_Ilegal
0000c9c0   _Rms
00009677   _SCIRXINTA_ISR
0000968b   _SCIRXINTB_ISR
00009663   _SCIRXINTC_ISR
00009681   _SCITXINTA_ISR
00009695   _SCITXINTB_ISR
0000966d   _SCITXINTC_ISR
000094c9   _SEQ1INT_ISR
000094d3   _SEQ2INT_ISR
000095d7   _SPIRXINTA_ISR
000095e1   _SPITXINTA_ISR
0000c840   _Saida
00009a62   _SciA_Comandos_Hiperterminal
00008454   _SciA_Enviar_5bytes
00008482   _SciA_Enviar_Pacote
0000a699   _SciA_Receber
0000a6a2   _SciA_SendMsg
00008448   _SciA_Transmitir
00009a57   _SciReportarErro
00007050   _SciaRegs
00007750   _ScibRegs
00007770   _ScicRegs
0000a136   _ServiceDog
00009390   _SetaSkt
00009be6   _SktUpdate
0000c940   _Solda
00009200   _SoldaContinua
000091bd   _SoldaImpulsos
00009190   _SoldaPrePos
00009066   _SoldaPrincipal
000085ae   _SpiA_AquisicaoCorrente
000085cb   _SpiA_AquisicaoTensao
000085ea   _SpiA_CalibracaoAD
0000a39b   _SpiA_Configura
00007040   _SpiaRegs
00007010   _SysCtrlRegs
000094fb   _TINT0_ISR
0000c820   _Temp
000094ab   _USER10_ISR
000094b5   _USER11_ISR
000094bf   _USER12_ISR
00009451   _USER1_ISR
0000945b   _USER2_ISR
00009465   _USER3_ISR
0000946f   _USER4_ISR
00009479   _USER5_ISR
00009483   _USER6_ISR
0000948d   _USER7_ISR
00009497   _USER8_ISR
000094a1   _USER9_ISR
00009505   _WAKEINT_ISR
000094dd   _XINT1_ISR
000094e7   _XINT2_ISR
000096c7   _XINT3_ISR
000096d1   _XINT4_ISR
000096db   _XINT5_ISR
000096e5   _XINT6_ISR
000096ef   _XINT7_ISR
00007070   _XIntruptRegs
00000b20   _XintfRegs
00000700   __STACK_END
00000300   __STACK_SIZE
00000001   __TI_args_main
ffffffff   ___binit__
ffffffff   ___c_args__
000086a2   ___cinit__
0000a888   ___etext__
ffffffff   ___pinit__
00009000   ___text__
0000a802   __args_main
0000c9a0   __cleanup_ptr
0000d14e   __ctypes_
0000c9a2   __dtors_ptr
0000c83c   __lock
0000a87b   __nop
0000a877   __register_lock
0000a873   __register_unlock
00000400   __stack
0000c83a   __unlock
0000a81b   _abort
0000a884   _atof
0000a725   _atoi
0000c998   _buffer
0000a632   _c_int00
00009a33   _comandos_enviar_corrente
0000c82c   _corrente_pu
0000a599   _cpu_timer0_isr
0000c8eb   _debug_inicia_solda
0000851a   _epwm1_isr
0000a5d0   _epwm2_isr
0000a5dd   _epwm3_isr
0000c8fd   _errno
0000a81d   _exit
0000c8ea   _i
0000c815   _ii
0000a3cc   _init_mcbsp_spi
00009b86   _itoa
0000c8ec   _jfloat
00009721   _main
00009000   _pegaCorrente
0000c822   _portA
0000c81c   _portB
00009717   _rsvd_ISR
0000c8ee   _sTemp
00009cd4   _set_mux_corrente
0000a53e   _sin
0000a700   _spiRxFifoIsr
0000a6ef   _spiTxFifoIsr
0000a7e2   _sqrt
0000a869   _strlen
00009ef2   _strtod
0000c828   _temp_dac
0000c82e   _tensao_pu
000093dc   _verificaEmergencia
0000c040   _vetor
0000a849   _xInt3_isr
0000a602   _xInt_Configura
0000a5ea   _xInt_ConfiguraIO
ffffffff   binit
000086a2   cinit
00000000   code_start
0000a888   etext
ffffffff   pinit


GLOBAL SYMBOLS: SORTED BY Symbol Address 

address    name
--------   ----
00000000   code_start
00000001   __TI_args_main
00000300   __STACK_SIZE
00000400   __stack
00000700   __STACK_END
00000880   _DevEmuRegs
00000a80   _FlashRegs
00000ae0   _CsmRegs
00000b00   _AdcMirror
00000b20   _XintfRegs
00000c00   _CpuTimer0Regs
00000c08   _CpuTimer1Regs
00000c10   _CpuTimer2Regs
00000ce0   _PieCtrlRegs
00000d00   _PieVectTable
00001000   _DmaRegs
00005000   _McbspaRegs
00005040   _McbspbRegs
00006000   _ECanaRegs
00006040   _ECanaLAMRegs
00006080   _ECanaMOTSRegs
000060c0   _ECanaMOTORegs
00006100   _ECanaMboxes
00006200   _ECanbRegs
00006240   _ECanbLAMRegs
00006280   _ECanbMOTSRegs
000062c0   _ECanbMOTORegs
00006300   _ECanbMboxes
00006800   _EPwm1Regs
00006840   _EPwm2Regs
00006880   _EPwm3Regs
000068c0   _EPwm4Regs
00006900   _EPwm5Regs
00006940   _EPwm6Regs
00006a00   _ECap1Regs
00006a20   _ECap2Regs
00006a40   _ECap3Regs
00006a60   _ECap4Regs
00006a80   _ECap5Regs
00006aa0   _ECap6Regs
00006b00   _EQep1Regs
00006b40   _EQep2Regs
00006f80   _GpioCtrlRegs
00006fc0   _GpioDataRegs
00006fe0   _GpioIntRegs
00007010   _SysCtrlRegs
00007040   _SpiaRegs
00007050   _SciaRegs
00007070   _XIntruptRegs
00007100   _AdcRegs
00007750   _ScibRegs
00007770   _ScicRegs
00007900   _I2caRegs
00008000   _Calcular
00008179   _AdicionarPonto
000081bf   _Comandos
00008343   _AquisitaCanal_1
000083e3   _Habilita_Pulsos
000083f0   _Desabilita_Pulsos
00008401   _DetecaoZeroPLL
00008448   _SciA_Transmitir
00008454   _SciA_Enviar_5bytes
00008482   _SciA_Enviar_Pacote
000084c3   _RecebePacote
0000851a   _epwm1_isr
000085ae   _SpiA_AquisicaoCorrente
000085cb   _SpiA_AquisicaoTensao
000085ea   _SpiA_CalibracaoAD
0000862e   _RMS_Calcular
0000864e   _RMS_120Hz
00008683   _InitFlash
0000869e   _DSP28x_usDelay
000086a2   ___cinit__
000086a2   cinit
00009000   .text
00009000   ___text__
00009000   _pegaCorrente
00009066   _SoldaPrincipal
00009082   _CalcularSkt
000090bf   _ConfigurarRampas
0000912b   _ConfiguraRampasKIR
00009154   _ConfiguraRampasSKT
00009157   _RampaSubida
00009173   _RampaDescida
00009190   _SoldaPrePos
000091ac   _Pausa
000091bd   _SoldaImpulsos
00009200   _SoldaContinua
0000922f   _MaquinaEstados
000092a0   _InicializarParametrosSolda
000092eb   _CalcularMediaRms
00009318   _GerenciarSolda
00009364   _CompensarTensao
00009390   _SetaSkt
00009397   _Gambiarra_MudaKirParaSkt
000093dc   _verificaEmergencia
000093fa   _INT13_ISR
00009404   _INT14_ISR
0000940e   _DATALOG_ISR
00009418   _RTOSINT_ISR
00009422   _EMUINT_ISR
0000942c   _NMI_ISR
00009436   _ILLEGAL_ISR
00009451   _USER1_ISR
0000945b   _USER2_ISR
00009465   _USER3_ISR
0000946f   _USER4_ISR
00009479   _USER5_ISR
00009483   _USER6_ISR
0000948d   _USER7_ISR
00009497   _USER8_ISR
000094a1   _USER9_ISR
000094ab   _USER10_ISR
000094b5   _USER11_ISR
000094bf   _USER12_ISR
000094c9   _SEQ1INT_ISR
000094d3   _SEQ2INT_ISR
000094dd   _XINT1_ISR
000094e7   _XINT2_ISR
000094f1   _ADCINT_ISR
000094fb   _TINT0_ISR
00009505   _WAKEINT_ISR
0000950f   _EPWM1_TZINT_ISR
00009519   _EPWM2_TZINT_ISR
00009523   _EPWM3_TZINT_ISR
0000952d   _EPWM4_TZINT_ISR
00009537   _EPWM5_TZINT_ISR
00009541   _EPWM6_TZINT_ISR
0000954b   _EPWM1_INT_ISR
00009555   _EPWM2_INT_ISR
0000955f   _EPWM3_INT_ISR
00009569   _EPWM4_INT_ISR
00009573   _EPWM5_INT_ISR
0000957d   _EPWM6_INT_ISR
00009587   _ECAP1_INT_ISR
00009591   _ECAP2_INT_ISR
0000959b   _ECAP3_INT_ISR
000095a5   _ECAP4_INT_ISR
000095af   _ECAP5_INT_ISR
000095b9   _ECAP6_INT_ISR
000095c3   _EQEP1_INT_ISR
000095cd   _EQEP2_INT_ISR
000095d7   _SPIRXINTA_ISR
000095e1   _SPITXINTA_ISR
000095eb   _MRINTB_ISR
000095f5   _MXINTB_ISR
000095ff   _MRINTA_ISR
00009609   _MXINTA_ISR
00009613   _DINTCH1_ISR
0000961d   _DINTCH2_ISR
00009627   _DINTCH3_ISR
00009631   _DINTCH4_ISR
0000963b   _DINTCH5_ISR
00009645   _DINTCH6_ISR
0000964f   _I2CINT1A_ISR
00009659   _I2CINT2A_ISR
00009663   _SCIRXINTC_ISR
0000966d   _SCITXINTC_ISR
00009677   _SCIRXINTA_ISR
00009681   _SCITXINTA_ISR
0000968b   _SCIRXINTB_ISR
00009695   _SCITXINTB_ISR
0000969f   _ECAN0INTA_ISR
000096a9   _ECAN1INTA_ISR
000096b3   _ECAN0INTB_ISR
000096bd   _ECAN1INTB_ISR
000096c7   _XINT3_ISR
000096d1   _XINT4_ISR
000096db   _XINT5_ISR
000096e5   _XINT6_ISR
000096ef   _XINT7_ISR
000096f9   _LVF_ISR
00009703   _LUF_ISR
0000970d   _PIE_RESERVED
00009717   _rsvd_ISR
00009721   _main
000097e7   _Configura_EPwm1
00009829   _Configura_EPwm2
0000984b   _Configura_EPwm3
0000986d   _Configura_EPwm4
00009890   _Configura_EPwm5
000098b2   _Configura_EPwm6
000098d4   _Configura_GPIO
000099b6   _Dog_Configura
000099c6   _Dog_Reset
000099d0   _Configura_ADC
000099f0   _Ajusta_OffSet
00009a33   _comandos_enviar_corrente
00009a3f   _Reportar_Erro_Ilegal
00009a4c   _DevolveACK
00009a57   _SciReportarErro
00009a62   _SciA_Comandos_Hiperterminal
00009b86   _itoa
00009be6   _SktUpdate
00009c31   _Parar_Solda
00009c34   _Iniciar_Solda
00009c37   _Inicializa_Variaveis
00009cd4   _set_mux_corrente
00009d1e   _MaquinaEstadoDetecaoRogowiski
00009d86   _DetecaoRogowiski
00009d93   _OrdenaPontos
00009dfb   _EscolherPontos
00009ec6   _InicializarVariaveis
00009ef2   _strtod
0000a026   LL$$DIV
0000a062   LL$$MOD
0000a09c   ULL$$DIV
0000a0cb   ULL$$MOD
0000a12d   _InitSysCtrl
0000a136   _ServiceDog
0000a140   _DisableDog
0000a148   _InitPll
0000a196   _InitPeripheralClocks
0000a1ee   _CsmUnlock
0000a21f   _InitEPwm
0000a220   _InitEPwmGpio
0000a22d   _InitEPwm1Gpio
0000a23f   _InitEPwm2Gpio
0000a251   _InitEPwm3Gpio
0000a265   _InitEPwm4Gpio
0000a279   _InitEPwm5Gpio
0000a28b   _InitEPwm6Gpio
0000a29d   _InitEPwmSyncGpio
0000a2b1   _InitTzGpio
0000a2e7   _InicializaPLL
0000a303   _PLL
0000a39b   _SpiA_Configura
0000a3b6   _InitMcbspaGpio
0000a3cc   _init_mcbsp_spi
0000a40a   _McBsp_DAC
0000a43a   FS$$DIV
0000a4c2   _InitCpuTimers
0000a503   _ConfigCpuTimer
0000a53e   _sin
0000a599   _cpu_timer0_isr
0000a5d0   _epwm2_isr
0000a5dd   _epwm3_isr
0000a5ea   _xInt_ConfiguraIO
0000a602   _xInt_Configura
0000a632   _c_int00
0000a678   _Configura_SciA
0000a699   _SciA_Receber
0000a6a2   _SciA_SendMsg
0000a6b7   _RMS_Inicializar
0000a6bb   _RMS_Inicializar_Estrutura
0000a6ef   _spiTxFifoIsr
0000a700   _spiRxFifoIsr
0000a725   _atoi
0000a756   _InitPieCtrl
0000a775   _EnableInterrupts
0000a77e   _InitSpi
0000a77f   _InitSpiGpio
0000a782   _InitSpiaGpio
0000a7a0   I$$DIV
0000a7b1   I$$MOD
0000a7c2   _InitPieVectTable
0000a7e2   _sqrt
0000a802   __args_main
0000a81b   C$$EXIT
0000a81b   _abort
0000a81d   _exit
0000a834   _MemCopy
0000a849   _xInt3_isr
0000a85a   _InitAdc
0000a869   _strlen
0000a873   __register_unlock
0000a877   __register_lock
0000a87b   __nop
0000a884   _atof
0000a888   ___etext__
0000a888   etext
0000c00c   _InvNAmostrasFiltro
0000c040   _vetor
0000c810   _HalfPerDAC_PWM
0000c811   _ADC_OffSet
0000c812   _Per120Hz
0000c813   _PerTremPulsos
0000c814   _PerAmostragem
0000c815   _ii
0000c817   _Alpha_LiMin
0000c818   _FlagResultadoDetecaoBobina
0000c819   _Alpha_LiMax
0000c81a   _FlagDetectandoBobina
0000c81c   _portB
0000c820   _Temp
0000c822   _portA
0000c828   _temp_dac
0000c82a   _Const_DAC
0000c82c   _corrente_pu
0000c82e   _tensao_pu
0000c830   _Const_ADC_tensao
0000c832   _Const_ADC_corrente
0000c834   _Controle_SCRs
0000c83a   __unlock
0000c83c   __lock
0000c83e   _Adc_offset
0000c840   _Saida
0000c880   _Kir
0000c8d2   _CpuTimer1
0000c8da   _CpuTimer2
0000c8e2   _CpuTimer0
0000c8ea   _i
0000c8eb   _debug_inicia_solda
0000c8ec   _jfloat
0000c8ee   _sTemp
0000c8fd   _errno
0000c900   _Fim_pacote
0000c904   _Estado
0000c906   _FlagEmergencia
0000c907   _FlagSoldar
0000c908   _FlagSoldaConcluida
0000c90a   _CompensacaoTensao
0000c940   _Solda
0000c990   _Float2LongTx
0000c992   _Long2FloatRx
0000c994   _Buffer
0000c998   _buffer
0000c9a0   __cleanup_ptr
0000c9a2   __dtors_ptr
0000c9c0   _Rms
0000d14e   __ctypes_
0000d250   _PieVectTableInit
0033fff8   _CsmPwl
00380080   _ADC_cal
00380090   _PartIdRegs
ffffffff   ___binit__
ffffffff   ___c_args__
ffffffff   ___pinit__
ffffffff   binit
ffffffff   pinit

[330 symbols]
