******************************************************************************
             TMS320C2000 Linker PC v6.0.1                      
******************************************************************************
>> Linked Tue May 22 10:32:51 2012

OUTPUT FILE NAME:   <MaquinaSolda2011.out>
ENTRY POINT SYMBOL: "code_start"  address: 0033fff6


MEMORY CONFIGURATION

         name            origin    length      used     unused   attr    fill
----------------------  --------  ---------  --------  --------  ----  --------
PAGE 0:
  ZONE0                 00004000   00001000  00000000  00001000  RWIX
  RAML0                 00008000   00001c00  00000684  0000157c  RWIX
  RAML1                 00009c00   00000300  00000000  00000300  RWIX
  RAML2                 0000a000   00001000  00000000  00001000  RWIX
  RAML3                 0000b000   00001000  00000000  00001000  RWIX
  ZONE6                 00100000   00100000  00000000  00100000  RWIX
  ZONE7A                00200000   0000fc00  00000000  0000fc00  RWIX
  FLASHH                00300000   00008000  00000000  00008000  RWIX
  FLASHG                00308000   00008000  00000000  00008000  RWIX
  FLASHF                00310000   00008000  00000000  00008000  RWIX
  FLASHE                00318000   00008000  00000000  00008000  RWIX
  FLASHD                00320000   0000e000  00000684  0000d97c  RWIX
  FLASHC                0032e000   00001000  00000000  00001000  RWIX
  FLASHA                00338000   00007f80  00001e37  00006149  RWIX
  CSM_RSVD              0033ff80   00000076  00000000  00000076  RWIX
  BEGIN                 0033fff6   00000002  00000002  00000000  RWIX
  CSM_PWL               0033fff8   00000008  00000000  00000008  RWIX
  ADC_CAL               00380080   00000009  00000007  00000002  RWIX
  OTP                   00380400   00000400  00000000  00000400  RWIX
  IQTABLES              003fe000   00000b50  00000000  00000b50  RWIX
  IQTABLES2             003feb50   0000008c  00000000  0000008c  RWIX
  FPUTABLES             003febdc   000006a0  00000000  000006a0  RWIX
  ROM                   003ff27c   00000d44  00000000  00000d44  RWIX
  RESET                 003fffc0   00000002  00000000  00000002  RWIX
  VECTORS               003fffc2   0000003e  00000000  0000003e  RWIX

PAGE 1:
  BOOT_RSVD             00000000   00000050  00000000  00000050  RWIX
  RAMM0                 00000050   000003b0  00000000  000003b0  RWIX
  RAMM1                 00000400   00000400  00000300  00000100  RWIX
  DEV_EMU               00000880   00000180  000000d0  000000b0  RWIX
  FLASH_REGS            00000a80   00000060  00000008  00000058  RWIX
  CSM                   00000ae0   00000010  00000010  00000000  RWIX
  ADC_MIRROR            00000b00   00000010  00000010  00000000  RWIX
  XINTF                 00000b20   00000020  0000001e  00000002  RWIX
  CPU_TIMER0            00000c00   00000008  00000008  00000000  RWIX
  CPU_TIMER1            00000c08   00000008  00000008  00000000  RWIX
  CPU_TIMER2            00000c10   00000008  00000008  00000000  RWIX
  PIE_CTRL              00000ce0   00000020  0000001a  00000006  RWIX
  PIE_VECT              00000d00   00000100  00000100  00000000  RWIX
  DMA                   00001000   00000200  000000e0  00000120  RWIX
  MCBSPA                00005000   00000040  00000025  0000001b  RWIX
  MCBSPB                00005040   00000040  00000025  0000001b  RWIX
  ECANA                 00006000   00000040  00000034  0000000c  RWIX
  ECANA_LAM             00006040   00000040  00000040  00000000  RWIX
  ECANA_MOTS            00006080   00000040  00000040  00000000  RWIX
  ECANA_MOTO            000060c0   00000040  00000040  00000000  RWIX
  ECANA_MBOX            00006100   00000100  00000100  00000000  RWIX
  ECANB                 00006200   00000040  00000034  0000000c  RWIX
  ECANB_LAM             00006240   00000040  00000040  00000000  RWIX
  ECANB_MOTS            00006280   00000040  00000040  00000000  RWIX
  ECANB_MOTO            000062c0   00000040  00000040  00000000  RWIX
  ECANB_MBOX            00006300   00000100  00000100  00000000  RWIX
  EPWM1                 00006800   00000022  00000022  00000000  RWIX
  EPWM2                 00006840   00000022  00000022  00000000  RWIX
  EPWM3                 00006880   00000022  00000022  00000000  RWIX
  EPWM4                 000068c0   00000022  00000022  00000000  RWIX
  EPWM5                 00006900   00000022  00000022  00000000  RWIX
  EPWM6                 00006940   00000022  00000022  00000000  RWIX
  ECAP1                 00006a00   00000020  00000020  00000000  RWIX
  ECAP2                 00006a20   00000020  00000020  00000000  RWIX
  ECAP3                 00006a40   00000020  00000020  00000000  RWIX
  ECAP4                 00006a60   00000020  00000020  00000000  RWIX
  ECAP5                 00006a80   00000020  00000020  00000000  RWIX
  ECAP6                 00006aa0   00000020  00000020  00000000  RWIX
  EQEP1                 00006b00   00000040  00000040  00000000  RWIX
  EQEP2                 00006b40   00000040  00000040  00000000  RWIX
  GPIOCTRL              00006f80   00000040  0000002e  00000012  RWIX
  GPIODAT               00006fc0   00000020  00000020  00000000  RWIX
  GPIOINT               00006fe0   00000020  0000000a  00000016  RWIX
  SYSTEM                00007010   00000020  00000020  00000000  RWIX
  SPIA                  00007040   00000010  00000010  00000000  RWIX
  SCIA                  00007050   00000010  00000010  00000000  RWIX
  XINTRUPT              00007070   00000010  00000010  00000000  RWIX
  ADC                   00007100   00000020  0000001e  00000002  RWIX
  SCIB                  00007750   00000010  00000010  00000000  RWIX
  SCIC                  00007770   00000010  00000010  00000000  RWIX
  I2CA                  00007900   00000040  00000022  0000001e  RWIX
  RAML4                 0000c000   00001000  00000a1a  000005e6  RWIX
  RAML5                 0000d000   00000100  00000000  00000100  RWIX
  RAML6                 0000d100   00000100  00000000  00000100  RWIX
  RAML7                 0000d200   00002d00  00000000  00002d00  RWIX
  ZONE7B                0020fc00   00000400  00000000  00000400  RWIX
  FLASHB                00330000   00008000  00000000  00008000  RWIX
  CSM_PWL               0033fff8   00000008  00000008  00000000  RWIX
  PARTID                00380090   00000001  00000001  00000000  RWIX


SECTION ALLOCATION MAP

 output                                  attributes/
section   page    origin      length       input sections
--------  ----  ----------  ----------   ----------------
.pinit     0    00338000    00000000     UNINITIALIZED

ramfuncs   0    00320000    00000684     RUN ADDR = 00008000
                  00320000    000001bf     Modo_KIR.obj (ramfuncs)
                  003201bf    00000184     Comandos.obj (ramfuncs)
                  00320343    000000f1     Jakson_Funcoes.obj (ramfuncs)
                  00320434    000000ce     J_SciA_Protocolo_27_02_10.obj (ramfuncs)
                  00320502    0000008e     Maquina_Solda.obj (ramfuncs:retain)
                  00320590    00000080     J_SpiA.obj (ramfuncs)
                  00320610    00000055     J_RMS.obj (ramfuncs)
                  00320665    0000001b     DSP2833x_SysCtrl.obj (ramfuncs)
                  00320680    00000004     DSP2833x_usDelay.obj (ramfuncs)

.text      0    00338000    0000192a     
                  00338000    000003fa     Solda_v1.obj (.text)
                  003383fa    00000327     DSP2833x_DefaultIsr.obj (.text:retain)
                  00338721    0000031e     Maquina_Solda.obj (.text)
                  00338a3f    00000238     Jakson_Funcoes.obj (.text)
                  00338c77    000001b3     Comandos.obj (.text)
                  00338e2a    0000015f     Modo_KIR.obj (.text)
                  00338f89    00000134     rts2800_fpu32.lib : strtod.obj (.text)
                  003390bd    00000107                       : ll_div.obj (.text)
                  003391c4    000000f2     DSP2833x_SysCtrl.obj (.text)
                  003392b6    000000c8     DSP2833x_EPwm.obj (.text)
                  0033937e    000000b4     PLL.obj (.text)
                  00339432    0000009f     J_SpiA.obj (.text)
                  003394d1    00000088     rts2800_fpu32.lib : fs_div.obj (.text)
                  00339559    0000007c     DSP2833x_CpuTimers.obj (.text)
                  003395d5    0000005b     rts2800_fpu32.lib : sin.obj (.text)
                  00339630    00000059     Maquina_Solda.obj (.text:retain)
                  00339689    00000048     J_xInt.obj (.text)
                  003396d1    00000046     rts2800_fpu32.lib : boot.obj (.text)
                  00339717    00000041     J_SciA_Protocolo_27_02_10.obj (.text)
                  00339758    00000038     J_RMS.obj (.text)
                  00339790    00000036     J_SpiA.obj (.text:retain)
                  003397c6    00000031     rts2800_fpu32.lib : atoi.obj (.text)
                  003397f7    00000028     DSP2833x_PieCtrl.obj (.text)
                  0033981f    00000022     DSP2833x_Spi.obj (.text)
                  00339841    00000022     rts2800_fpu32.lib : i_div.obj (.text)
                  00339863    00000020     DSP2833x_PieVect.obj (.text)
                  00339883    00000001     --HOLE-- [fill = 0]
                  00339884    00000020     rts2800_fpu32.lib : sqrt.obj (.text)
                  003398a4    00000019                       : args_main.obj (.text)
                  003398bd    00000019                       : exit.obj (.text)
                  003398d6    00000015     DSP2833x_MemCopy.obj (.text)
                  003398eb    00000011     J_xInt.obj (.text:retain)
                  003398fc    0000000f     DSP2833x_Adc.obj (.text)
                  0033990b    0000000a     rts2800_fpu32.lib : strlen.obj (.text)
                  00339915    00000009                       : _lock.obj (.text)
                  0033991e    00000008     DSP2833x_CodeStartBranch.obj (.text)
                  00339926    00000004     rts2800_fpu32.lib : atof.obj (.text)

.econst    0    0033992a    000003c8     
                  0033992a    0000014e     Comandos.obj (.econst:.string)
                  00339a78    00000101     rts2800_fpu32.lib : ctype.obj (.econst:__ctypes_)
                  00339b79    00000001     --HOLE-- [fill = 0]
                  00339b7a    00000100     DSP2833x_PieVect.obj (.econst)
                  00339c7a    00000058     J_RMS.obj (.econst)
                  00339cd2    00000014     rts2800_fpu32.lib : strtod.obj (.econst:_digits)
                  00339ce6    0000000c                       : strtod.obj (.econst:_powerof10)

.cinit     0    00339cf2    0000011f     
                  00339cf2    0000006a     Jakson_Funcoes.obj (.cinit)
                  00339d5c    00000031     Solda_v1.obj (.cinit)
                  00339d8d    0000002a     Modo_KIR.obj (.cinit)
                  00339db7    00000027     PLL.obj (.cinit)
                  00339dde    0000000c     J_RMS.obj (.cinit)
                  00339dea    0000000a     rts2800_fpu32.lib : _lock.obj (.cinit)
                  00339df4    0000000a                       : exit.obj (.cinit)
                  00339dfe    00000005     J_SpiA.obj (.cinit)
                  00339e03    00000004     J_SciA_Protocolo_27_02_10.obj (.cinit)
                  00339e07    00000004     Maquina_Solda.obj (.cinit)
                  00339e0b    00000004     rts2800_fpu32.lib : errno.obj (.cinit)
                  00339e0f    00000002     --HOLE-- [fill = 0]

.switch    0    00339e12    00000026     
                  00339e12    00000026     Comandos.obj (.switch:_Comandos)

codestart 
*          0    0033fff6    00000002     
                  0033fff6    00000002     DSP2833x_CodeStartBranch.obj (codestart)

.adc_cal   0    00380080    00000007     NOLOAD SECTION
                  00380080    00000007     DSP2833x_ADC_cal.obj (.adc_cal)

.reset     0    003fffc0    00000002     DSECT
                  003fffc0    00000002     rts2800_fpu32.lib : boot.obj (.reset)

vectors    0    003fffc2    00000000     DSECT

.stack     1    00000400    00000300     UNINITIALIZED
                  00000400    00000300     --HOLE--

DevEmuRegsFile 
*          1    00000880    000000d0     UNINITIALIZED
                  00000880    000000d0     DSP2833x_GlobalVariableDefs.obj (DevEmuRegsFile)

FlashRegsFile 
*          1    00000a80    00000008     UNINITIALIZED
                  00000a80    00000008     DSP2833x_GlobalVariableDefs.obj (FlashRegsFile)

CsmRegsFile 
*          1    00000ae0    00000010     UNINITIALIZED
                  00000ae0    00000010     DSP2833x_GlobalVariableDefs.obj (CsmRegsFile)

AdcMirrorFile 
*          1    00000b00    00000010     UNINITIALIZED
                  00000b00    00000010     DSP2833x_GlobalVariableDefs.obj (AdcMirrorFile)

XintfRegsFile 
*          1    00000b20    0000001e     UNINITIALIZED
                  00000b20    0000001e     DSP2833x_GlobalVariableDefs.obj (XintfRegsFile)

CpuTimer0RegsFile 
*          1    00000c00    00000008     UNINITIALIZED
                  00000c00    00000008     DSP2833x_GlobalVariableDefs.obj (CpuTimer0RegsFile)

CpuTimer1RegsFile 
*          1    00000c08    00000008     UNINITIALIZED
                  00000c08    00000008     DSP2833x_GlobalVariableDefs.obj (CpuTimer1RegsFile)

CpuTimer2RegsFile 
*          1    00000c10    00000008     UNINITIALIZED
                  00000c10    00000008     DSP2833x_GlobalVariableDefs.obj (CpuTimer2RegsFile)

PieCtrlRegsFile 
*          1    00000ce0    0000001a     UNINITIALIZED
                  00000ce0    0000001a     DSP2833x_GlobalVariableDefs.obj (PieCtrlRegsFile)

PieVectTableFile 
*          1    00000d00    00000100     UNINITIALIZED
                  00000d00    00000100     DSP2833x_GlobalVariableDefs.obj (PieVectTableFile)

DmaRegsFile 
*          1    00001000    000000e0     UNINITIALIZED
                  00001000    000000e0     DSP2833x_GlobalVariableDefs.obj (DmaRegsFile)

McbspaRegsFile 
*          1    00005000    00000025     UNINITIALIZED
                  00005000    00000025     DSP2833x_GlobalVariableDefs.obj (McbspaRegsFile)

McbspbRegsFile 
*          1    00005040    00000025     UNINITIALIZED
                  00005040    00000025     DSP2833x_GlobalVariableDefs.obj (McbspbRegsFile)

ECanaRegsFile 
*          1    00006000    00000034     UNINITIALIZED
                  00006000    00000034     DSP2833x_GlobalVariableDefs.obj (ECanaRegsFile)

ECanaLAMRegsFile 
*          1    00006040    00000040     UNINITIALIZED
                  00006040    00000040     DSP2833x_GlobalVariableDefs.obj (ECanaLAMRegsFile)

ECanaMOTSRegsFile 
*          1    00006080    00000040     UNINITIALIZED
                  00006080    00000040     DSP2833x_GlobalVariableDefs.obj (ECanaMOTSRegsFile)

ECanaMOTORegsFile 
*          1    000060c0    00000040     UNINITIALIZED
                  000060c0    00000040     DSP2833x_GlobalVariableDefs.obj (ECanaMOTORegsFile)

ECanaMboxesFile 
*          1    00006100    00000100     UNINITIALIZED
                  00006100    00000100     DSP2833x_GlobalVariableDefs.obj (ECanaMboxesFile)

ECanbRegsFile 
*          1    00006200    00000034     UNINITIALIZED
                  00006200    00000034     DSP2833x_GlobalVariableDefs.obj (ECanbRegsFile)

ECanbLAMRegsFile 
*          1    00006240    00000040     UNINITIALIZED
                  00006240    00000040     DSP2833x_GlobalVariableDefs.obj (ECanbLAMRegsFile)

ECanbMOTSRegsFile 
*          1    00006280    00000040     UNINITIALIZED
                  00006280    00000040     DSP2833x_GlobalVariableDefs.obj (ECanbMOTSRegsFile)

ECanbMOTORegsFile 
*          1    000062c0    00000040     UNINITIALIZED
                  000062c0    00000040     DSP2833x_GlobalVariableDefs.obj (ECanbMOTORegsFile)

ECanbMboxesFile 
*          1    00006300    00000100     UNINITIALIZED
                  00006300    00000100     DSP2833x_GlobalVariableDefs.obj (ECanbMboxesFile)

EPwm1RegsFile 
*          1    00006800    00000022     UNINITIALIZED
                  00006800    00000022     DSP2833x_GlobalVariableDefs.obj (EPwm1RegsFile)

EPwm2RegsFile 
*          1    00006840    00000022     UNINITIALIZED
                  00006840    00000022     DSP2833x_GlobalVariableDefs.obj (EPwm2RegsFile)

EPwm3RegsFile 
*          1    00006880    00000022     UNINITIALIZED
                  00006880    00000022     DSP2833x_GlobalVariableDefs.obj (EPwm3RegsFile)

EPwm4RegsFile 
*          1    000068c0    00000022     UNINITIALIZED
                  000068c0    00000022     DSP2833x_GlobalVariableDefs.obj (EPwm4RegsFile)

EPwm5RegsFile 
*          1    00006900    00000022     UNINITIALIZED
                  00006900    00000022     DSP2833x_GlobalVariableDefs.obj (EPwm5RegsFile)

EPwm6RegsFile 
*          1    00006940    00000022     UNINITIALIZED
                  00006940    00000022     DSP2833x_GlobalVariableDefs.obj (EPwm6RegsFile)

ECap1RegsFile 
*          1    00006a00    00000020     UNINITIALIZED
                  00006a00    00000020     DSP2833x_GlobalVariableDefs.obj (ECap1RegsFile)

ECap2RegsFile 
*          1    00006a20    00000020     UNINITIALIZED
                  00006a20    00000020     DSP2833x_GlobalVariableDefs.obj (ECap2RegsFile)

ECap3RegsFile 
*          1    00006a40    00000020     UNINITIALIZED
                  00006a40    00000020     DSP2833x_GlobalVariableDefs.obj (ECap3RegsFile)

ECap4RegsFile 
*          1    00006a60    00000020     UNINITIALIZED
                  00006a60    00000020     DSP2833x_GlobalVariableDefs.obj (ECap4RegsFile)

ECap5RegsFile 
*          1    00006a80    00000020     UNINITIALIZED
                  00006a80    00000020     DSP2833x_GlobalVariableDefs.obj (ECap5RegsFile)

ECap6RegsFile 
*          1    00006aa0    00000020     UNINITIALIZED
                  00006aa0    00000020     DSP2833x_GlobalVariableDefs.obj (ECap6RegsFile)

EQep1RegsFile 
*          1    00006b00    00000040     UNINITIALIZED
                  00006b00    00000040     DSP2833x_GlobalVariableDefs.obj (EQep1RegsFile)

EQep2RegsFile 
*          1    00006b40    00000040     UNINITIALIZED
                  00006b40    00000040     DSP2833x_GlobalVariableDefs.obj (EQep2RegsFile)

GpioCtrlRegsFile 
*          1    00006f80    0000002e     UNINITIALIZED
                  00006f80    0000002e     DSP2833x_GlobalVariableDefs.obj (GpioCtrlRegsFile)

GpioDataRegsFile 
*          1    00006fc0    00000020     UNINITIALIZED
                  00006fc0    00000020     DSP2833x_GlobalVariableDefs.obj (GpioDataRegsFile)

GpioIntRegsFile 
*          1    00006fe0    0000000a     UNINITIALIZED
                  00006fe0    0000000a     DSP2833x_GlobalVariableDefs.obj (GpioIntRegsFile)

SysCtrlRegsFile 
*          1    00007010    00000020     UNINITIALIZED
                  00007010    00000020     DSP2833x_GlobalVariableDefs.obj (SysCtrlRegsFile)

SpiaRegsFile 
*          1    00007040    00000010     UNINITIALIZED
                  00007040    00000010     DSP2833x_GlobalVariableDefs.obj (SpiaRegsFile)

SciaRegsFile 
*          1    00007050    00000010     UNINITIALIZED
                  00007050    00000010     DSP2833x_GlobalVariableDefs.obj (SciaRegsFile)

XIntruptRegsFile 
*          1    00007070    00000010     UNINITIALIZED
                  00007070    00000010     DSP2833x_GlobalVariableDefs.obj (XIntruptRegsFile)

AdcRegsFile 
*          1    00007100    0000001e     UNINITIALIZED
                  00007100    0000001e     DSP2833x_GlobalVariableDefs.obj (AdcRegsFile)

ScibRegsFile 
*          1    00007750    00000010     UNINITIALIZED
                  00007750    00000010     DSP2833x_GlobalVariableDefs.obj (ScibRegsFile)

ScicRegsFile 
*          1    00007770    00000010     UNINITIALIZED
                  00007770    00000010     DSP2833x_GlobalVariableDefs.obj (ScicRegsFile)

I2caRegsFile 
*          1    00007900    00000022     UNINITIALIZED
                  00007900    00000022     DSP2833x_GlobalVariableDefs.obj (I2caRegsFile)

.ebss      1    0000c000    00000a1a     UNINITIALIZED
                  0000c000    00000810     PLL.obj (.ebss)
                  0000c810    0000002e     Jakson_Funcoes.obj (.ebss)
                  0000c83e    00000002     J_SpiA.obj (.ebss)
                  0000c840    00000092     Modo_KIR.obj (.ebss)
                  0000c8d2    00000018     DSP2833x_CpuTimers.obj (.ebss)
                  0000c8ea    00000013     Maquina_Solda.obj (.ebss)
                  0000c8fd    00000001     rts2800_fpu32.lib : errno.obj (.ebss)
                  0000c8fe    00000002     --HOLE--
                  0000c900    0000008e     Solda_v1.obj (.ebss)
                  0000c98e    00000011     J_SciA_Protocolo_27_02_10.obj (.ebss)
                  0000c99f    00000001     --HOLE--
                  0000c9a0    00000004     rts2800_fpu32.lib : _lock.obj (.ebss)
                  0000c9a4    00000004                       : exit.obj (.ebss)
                  0000c9a8    00000018     --HOLE--
                  0000c9c0    0000005a     J_RMS.obj (.ebss)

CsmPwlFile 
*          1    0033fff8    00000008     UNINITIALIZED
                  0033fff8    00000008     DSP2833x_GlobalVariableDefs.obj (CsmPwlFile)

PartIdRegsFile 
*          1    00380090    00000001     UNINITIALIZED
                  00380090    00000001     DSP2833x_GlobalVariableDefs.obj (PartIdRegsFile)


GLOBAL SYMBOLS: SORTED ALPHABETICALLY BY Name 

address    name
--------   ----
00338000   .text
003398bd   C$$EXIT
003394d1   FS$$DIV
00339841   I$$DIV
00339852   I$$MOD
003390bd   LL$$DIV
003390f9   LL$$MOD
00339133   ULL$$DIV
00339162   ULL$$MOD
003384f1   _ADCINT_ISR
0000c814   _ADC_OffSet
00380080   _ADC_cal
00000b00   _AdcMirror
00007100   _AdcRegs
0000c83e   _Adc_offset
00008179   _AdicionarPonto
003389fc   _Ajusta_OffSet
0000c819   _Alpha_LiMax
0000c81a   _Alpha_LiMin
00008343   _AquisitaCanal_1
0000c994   _Buffer
00008000   _Calcular
003382eb   _CalcularMediaRms
00338082   _CalcularSkt
000081bf   _Comandos
0000c90a   _CompensacaoTensao
00338364   _CompensarTensao
0033959a   _ConfigCpuTimer
0033812b   _ConfiguraRampasKIR
00338154   _ConfiguraRampasSKT
003389dc   _Configura_ADC
003387f3   _Configura_EPwm1
00338835   _Configura_EPwm2
00338857   _Configura_EPwm3
00338879   _Configura_EPwm4
0033889c   _Configura_EPwm5
003388be   _Configura_EPwm6
003388e0   _Configura_GPIO
00339717   _Configura_SciA
003380bf   _ConfigurarRampas
0000c826   _Const_ADC_corrente
0000c820   _Const_ADC_tensao
0000c81c   _Const_DAC
0000c838   _Controle_SCRs
0000c8e2   _CpuTimer0
00000c00   _CpuTimer0Regs
0000c8d2   _CpuTimer1
00000c08   _CpuTimer1Regs
0000c8da   _CpuTimer2
00000c10   _CpuTimer2Regs
0033fff8   _CsmPwl
00000ae0   _CsmRegs
00339285   _CsmUnlock
0033840e   _DATALOG_ISR
00338613   _DINTCH1_ISR
0033861d   _DINTCH2_ISR
00338627   _DINTCH3_ISR
00338631   _DINTCH4_ISR
0033863b   _DINTCH5_ISR
00338645   _DINTCH6_ISR
00008680   _DSP28x_usDelay
000083ee   _Desabilita_Pulsos
00338bf6   _DetecaoRogowiski
000083f7   _DetecaoZeroPLL
00338bf7   _DetectaRogowiski
00000880   _DevEmuRegs
00338c90   _DevolveACK
003391d7   _DisableDog
00001000   _DmaRegs
003389c2   _Dog_Configura
003389d2   _Dog_Reset
0033869f   _ECAN0INTA_ISR
003386b3   _ECAN0INTB_ISR
003386a9   _ECAN1INTA_ISR
003386bd   _ECAN1INTB_ISR
00338587   _ECAP1_INT_ISR
00338591   _ECAP2_INT_ISR
0033859b   _ECAP3_INT_ISR
003385a5   _ECAP4_INT_ISR
003385af   _ECAP5_INT_ISR
003385b9   _ECAP6_INT_ISR
00006040   _ECanaLAMRegs
000060c0   _ECanaMOTORegs
00006080   _ECanaMOTSRegs
00006100   _ECanaMboxes
00006000   _ECanaRegs
00006240   _ECanbLAMRegs
000062c0   _ECanbMOTORegs
00006280   _ECanbMOTSRegs
00006300   _ECanbMboxes
00006200   _ECanbRegs
00006a00   _ECap1Regs
00006a20   _ECap2Regs
00006a40   _ECap3Regs
00006a60   _ECap4Regs
00006a80   _ECap5Regs
00006aa0   _ECap6Regs
00338422   _EMUINT_ISR
0033854b   _EPWM1_INT_ISR
0033850f   _EPWM1_TZINT_ISR
00338555   _EPWM2_INT_ISR
00338519   _EPWM2_TZINT_ISR
0033855f   _EPWM3_INT_ISR
00338523   _EPWM3_TZINT_ISR
00338569   _EPWM4_INT_ISR
0033852d   _EPWM4_TZINT_ISR
00338573   _EPWM5_INT_ISR
00338537   _EPWM5_TZINT_ISR
0033857d   _EPWM6_INT_ISR
00338541   _EPWM6_TZINT_ISR
00006800   _EPwm1Regs
00006840   _EPwm2Regs
00006880   _EPwm3Regs
000068c0   _EPwm4Regs
00006900   _EPwm5Regs
00006940   _EPwm6Regs
003385c3   _EQEP1_INT_ISR
003385cd   _EQEP2_INT_ISR
00006b00   _EQep1Regs
00006b40   _EQep2Regs
00339816   _EnableInterrupts
00338e92   _EscolherPontos
0000c904   _Estado
0000c900   _Fim_pacote
0000c811   _FlagDetectandoBobina
0000c906   _FlagEmergencia
0000c81b   _FlagResultadoDetecaoBobina
0000c908   _FlagSoldaConcluida
0000c907   _FlagSoldar
00000a80   _FlashRegs
0000c990   _Float2LongTx
00338397   _Gambiarra_MudaKirParaSkt
00338318   _GerenciarSolda
00006f80   _GpioCtrlRegs
00006fc0   _GpioDataRegs
00006fe0   _GpioIntRegs
000083e1   _Habilita_Pulsos
0000c810   _HalfPerDAC_PWM
0033864f   _I2CINT1A_ISR
00338659   _I2CINT2A_ISR
00007900   _I2caRegs
00338436   _ILLEGAL_ISR
003383fa   _INT13_ISR
00338404   _INT14_ISR
0033937e   _InicializaPLL
00338aa6   _Inicializa_Variaveis
003382a0   _InicializarParametrosSolda
00338f5d   _InicializarVariaveis
00338aa3   _Iniciar_Solda
003398fc   _InitAdc
00339559   _InitCpuTimers
003392b6   _InitEPwm
003392c4   _InitEPwm1Gpio
003392d6   _InitEPwm2Gpio
003392e8   _InitEPwm3Gpio
003392fc   _InitEPwm4Gpio
00339310   _InitEPwm5Gpio
00339322   _InitEPwm6Gpio
003392b7   _InitEPwmGpio
00339334   _InitEPwmSyncGpio
00008665   _InitFlash
0033944d   _InitMcbspaGpio
0033922d   _InitPeripheralClocks
003397f7   _InitPieCtrl
00339863   _InitPieVectTable
003391df   _InitPll
0033981f   _InitSpi
00339820   _InitSpiGpio
00339823   _InitSpiaGpio
003391c4   _InitSysCtrl
00339348   _InitTzGpio
0000c00c   _InvNAmostrasFiltro
0000c880   _Kir
00338703   _LUF_ISR
003386f9   _LVF_ISR
0000c992   _Long2FloatRx
003385ff   _MRINTA_ISR
003385eb   _MRINTB_ISR
00338609   _MXINTA_ISR
003385f5   _MXINTB_ISR
00338b8d   _MaquinaEstadoDetecaoRogowiski
0033822f   _MaquinaEstados
003394a1   _McBsp_DAC
00005000   _McbspaRegs
00005040   _McbspbRegs
003398d6   _MemCopy
0033842c   _NMI_ISR
00338e2a   _OrdenaPontos
0033870d   _PIE_RESERVED
0033939a   _PLL
00338aa0   _Parar_Solda
00380090   _PartIdRegs
003381ac   _Pausa
0000c812   _Per120Hz
0000c813   _PerAmostragem
0000c815   _PerTremPulsos
00000ce0   _PieCtrlRegs
00000d00   _PieVectTable
00339b7a   _PieVectTableInit
00008630   _RMS_120Hz
00008610   _RMS_Calcular
00339758   _RMS_Inicializar
0033975c   _RMS_Inicializar_Estrutura
00338418   _RTOSINT_ISR
00320684   _RamfuncsLoadEnd
00320000   _RamfuncsLoadStart
00008000   _RamfuncsRunStart
00338173   _RampaDescida
00338157   _RampaSubida
000084ab   _RecebePacote
00338c83   _Reportar_Erro_Ilegal
0000c9c0   _Rms
00338677   _SCIRXINTA_ISR
0033868b   _SCIRXINTB_ISR
00338663   _SCIRXINTC_ISR
00338681   _SCITXINTA_ISR
00338695   _SCITXINTB_ISR
0033866d   _SCITXINTC_ISR
003384c9   _SEQ1INT_ISR
003384d3   _SEQ2INT_ISR
003385d7   _SPIRXINTA_ISR
003385e1   _SPITXINTA_ISR
0000c840   _Saida
00338ca6   _SciA_Comandos_Hiperterminal
0000843c   _SciA_Enviar_5bytes
0000846a   _SciA_Enviar_Pacote
0033973a   _SciA_Receber
00339743   _SciA_SendMsg
00008434   _SciA_Transmitir
00338c9b   _SciReportarErro
00007050   _SciaRegs
00007750   _ScibRegs
00007770   _ScicRegs
003391cd   _ServiceDog
00338390   _SetaSkt
00338a3f   _SktUpdate
0000c940   _Solda
00338200   _SoldaContinua
003381bd   _SoldaImpulsos
00338190   _SoldaPrePos
00338066   _SoldaPrincipal
00008590   _SpiA_AquisicaoCorrente
000085ad   _SpiA_AquisicaoTensao
000085cc   _SpiA_CalibracaoAD
00339432   _SpiA_Configura
00007040   _SpiaRegs
00007010   _SysCtrlRegs
003384fb   _TINT0_ISR
0000c82e   _Temp
003384ab   _USER10_ISR
003384b5   _USER11_ISR
003384bf   _USER12_ISR
00338451   _USER1_ISR
0033845b   _USER2_ISR
00338465   _USER3_ISR
0033846f   _USER4_ISR
00338479   _USER5_ISR
00338483   _USER6_ISR
0033848d   _USER7_ISR
00338497   _USER8_ISR
003384a1   _USER9_ISR
00338505   _WAKEINT_ISR
003384dd   _XINT1_ISR
003384e7   _XINT2_ISR
003386c7   _XINT3_ISR
003386d1   _XINT4_ISR
003386db   _XINT5_ISR
003386e5   _XINT6_ISR
003386ef   _XINT7_ISR
00007070   _XIntruptRegs
00000b20   _XintfRegs
00000700   __STACK_END
00000300   __STACK_SIZE
00000001   __TI_args_main
ffffffff   ___binit__
ffffffff   ___c_args__
00339cf2   ___cinit__
0033992a   ___etext__
ffffffff   ___pinit__
00338000   ___text__
003398a4   __args_main
0000c9a4   __cleanup_ptr
00339a78   __ctypes_
0000c9a6   __dtors_ptr
0000c9a2   __lock
0033991d   __nop
00339919   __register_lock
00339915   __register_unlock
00000400   __stack
0000c9a0   __unlock
003398bd   _abort
00339926   _atof
003397c6   _atoi
0000c998   _buffer
003396d1   _c_int00
00338c77   _comandos_enviar_corrente
0000c832   _corrente_pu
00339630   _cpu_timer0_isr
0000c8eb   _debug_inicia_solda
0000c816   _delay_us
00008502   _epwm1_isr
0033966f   _epwm2_isr
0033967c   _epwm3_isr
0000c8fd   _errno
003398bf   _exit
0000c8ea   _i
0000c818   _ii
00339463   _init_mcbsp_spi
00338dca   _itoa
0000c8ec   _jfloat
00338721   _main
00338000   _pegaCorrente
0000c822   _portA
0000c824   _portB
00338717   _rsvd_ISR
0000c8ee   _sTemp
00338b43   _set_mux_corrente
003395d5   _sin
003397a1   _spiRxFifoIsr
00339790   _spiTxFifoIsr
00339884   _sqrt
0033990b   _strlen
00338f89   _strtod
0000c81e   _temp_dac
0000c82c   _tensao_pu
0000c834   _time_base
00338a95   _trem_pulsos_tiristor_acionar
00338a8a   _trem_pulsos_tiristor_remover
003383dc   _verificaEmergencia
0000c040   _vetor
003398eb   _xInt3_isr
003396a1   _xInt_Configura
00339689   _xInt_ConfiguraIO
ffffffff   binit
00339cf2   cinit
0033fff6   code_start
0033992a   etext
ffffffff   pinit


GLOBAL SYMBOLS: SORTED BY Symbol Address 

address    name
--------   ----
00000001   __TI_args_main
00000300   __STACK_SIZE
00000400   __stack
00000700   __STACK_END
00000880   _DevEmuRegs
00000a80   _FlashRegs
00000ae0   _CsmRegs
00000b00   _AdcMirror
00000b20   _XintfRegs
00000c00   _CpuTimer0Regs
00000c08   _CpuTimer1Regs
00000c10   _CpuTimer2Regs
00000ce0   _PieCtrlRegs
00000d00   _PieVectTable
00001000   _DmaRegs
00005000   _McbspaRegs
00005040   _McbspbRegs
00006000   _ECanaRegs
00006040   _ECanaLAMRegs
00006080   _ECanaMOTSRegs
000060c0   _ECanaMOTORegs
00006100   _ECanaMboxes
00006200   _ECanbRegs
00006240   _ECanbLAMRegs
00006280   _ECanbMOTSRegs
000062c0   _ECanbMOTORegs
00006300   _ECanbMboxes
00006800   _EPwm1Regs
00006840   _EPwm2Regs
00006880   _EPwm3Regs
000068c0   _EPwm4Regs
00006900   _EPwm5Regs
00006940   _EPwm6Regs
00006a00   _ECap1Regs
00006a20   _ECap2Regs
00006a40   _ECap3Regs
00006a60   _ECap4Regs
00006a80   _ECap5Regs
00006aa0   _ECap6Regs
00006b00   _EQep1Regs
00006b40   _EQep2Regs
00006f80   _GpioCtrlRegs
00006fc0   _GpioDataRegs
00006fe0   _GpioIntRegs
00007010   _SysCtrlRegs
00007040   _SpiaRegs
00007050   _SciaRegs
00007070   _XIntruptRegs
00007100   _AdcRegs
00007750   _ScibRegs
00007770   _ScicRegs
00007900   _I2caRegs
00008000   _Calcular
00008000   _RamfuncsRunStart
00008179   _AdicionarPonto
000081bf   _Comandos
00008343   _AquisitaCanal_1
000083e1   _Habilita_Pulsos
000083ee   _Desabilita_Pulsos
000083f7   _DetecaoZeroPLL
00008434   _SciA_Transmitir
0000843c   _SciA_Enviar_5bytes
0000846a   _SciA_Enviar_Pacote
000084ab   _RecebePacote
00008502   _epwm1_isr
00008590   _SpiA_AquisicaoCorrente
000085ad   _SpiA_AquisicaoTensao
000085cc   _SpiA_CalibracaoAD
00008610   _RMS_Calcular
00008630   _RMS_120Hz
00008665   _InitFlash
00008680   _DSP28x_usDelay
0000c00c   _InvNAmostrasFiltro
0000c040   _vetor
0000c810   _HalfPerDAC_PWM
0000c811   _FlagDetectandoBobina
0000c812   _Per120Hz
0000c813   _PerAmostragem
0000c814   _ADC_OffSet
0000c815   _PerTremPulsos
0000c816   _delay_us
0000c818   _ii
0000c819   _Alpha_LiMax
0000c81a   _Alpha_LiMin
0000c81b   _FlagResultadoDetecaoBobina
0000c81c   _Const_DAC
0000c81e   _temp_dac
0000c820   _Const_ADC_tensao
0000c822   _portA
0000c824   _portB
0000c826   _Const_ADC_corrente
0000c82c   _tensao_pu
0000c82e   _Temp
0000c832   _corrente_pu
0000c834   _time_base
0000c838   _Controle_SCRs
0000c83e   _Adc_offset
0000c840   _Saida
0000c880   _Kir
0000c8d2   _CpuTimer1
0000c8da   _CpuTimer2
0000c8e2   _CpuTimer0
0000c8ea   _i
0000c8eb   _debug_inicia_solda
0000c8ec   _jfloat
0000c8ee   _sTemp
0000c8fd   _errno
0000c900   _Fim_pacote
0000c904   _Estado
0000c906   _FlagEmergencia
0000c907   _FlagSoldar
0000c908   _FlagSoldaConcluida
0000c90a   _CompensacaoTensao
0000c940   _Solda
0000c990   _Float2LongTx
0000c992   _Long2FloatRx
0000c994   _Buffer
0000c998   _buffer
0000c9a0   __unlock
0000c9a2   __lock
0000c9a4   __cleanup_ptr
0000c9a6   __dtors_ptr
0000c9c0   _Rms
00320000   _RamfuncsLoadStart
00320684   _RamfuncsLoadEnd
00338000   .text
00338000   ___text__
00338000   _pegaCorrente
00338066   _SoldaPrincipal
00338082   _CalcularSkt
003380bf   _ConfigurarRampas
0033812b   _ConfiguraRampasKIR
00338154   _ConfiguraRampasSKT
00338157   _RampaSubida
00338173   _RampaDescida
00338190   _SoldaPrePos
003381ac   _Pausa
003381bd   _SoldaImpulsos
00338200   _SoldaContinua
0033822f   _MaquinaEstados
003382a0   _InicializarParametrosSolda
003382eb   _CalcularMediaRms
00338318   _GerenciarSolda
00338364   _CompensarTensao
00338390   _SetaSkt
00338397   _Gambiarra_MudaKirParaSkt
003383dc   _verificaEmergencia
003383fa   _INT13_ISR
00338404   _INT14_ISR
0033840e   _DATALOG_ISR
00338418   _RTOSINT_ISR
00338422   _EMUINT_ISR
0033842c   _NMI_ISR
00338436   _ILLEGAL_ISR
00338451   _USER1_ISR
0033845b   _USER2_ISR
00338465   _USER3_ISR
0033846f   _USER4_ISR
00338479   _USER5_ISR
00338483   _USER6_ISR
0033848d   _USER7_ISR
00338497   _USER8_ISR
003384a1   _USER9_ISR
003384ab   _USER10_ISR
003384b5   _USER11_ISR
003384bf   _USER12_ISR
003384c9   _SEQ1INT_ISR
003384d3   _SEQ2INT_ISR
003384dd   _XINT1_ISR
003384e7   _XINT2_ISR
003384f1   _ADCINT_ISR
003384fb   _TINT0_ISR
00338505   _WAKEINT_ISR
0033850f   _EPWM1_TZINT_ISR
00338519   _EPWM2_TZINT_ISR
00338523   _EPWM3_TZINT_ISR
0033852d   _EPWM4_TZINT_ISR
00338537   _EPWM5_TZINT_ISR
00338541   _EPWM6_TZINT_ISR
0033854b   _EPWM1_INT_ISR
00338555   _EPWM2_INT_ISR
0033855f   _EPWM3_INT_ISR
00338569   _EPWM4_INT_ISR
00338573   _EPWM5_INT_ISR
0033857d   _EPWM6_INT_ISR
00338587   _ECAP1_INT_ISR
00338591   _ECAP2_INT_ISR
0033859b   _ECAP3_INT_ISR
003385a5   _ECAP4_INT_ISR
003385af   _ECAP5_INT_ISR
003385b9   _ECAP6_INT_ISR
003385c3   _EQEP1_INT_ISR
003385cd   _EQEP2_INT_ISR
003385d7   _SPIRXINTA_ISR
003385e1   _SPITXINTA_ISR
003385eb   _MRINTB_ISR
003385f5   _MXINTB_ISR
003385ff   _MRINTA_ISR
00338609   _MXINTA_ISR
00338613   _DINTCH1_ISR
0033861d   _DINTCH2_ISR
00338627   _DINTCH3_ISR
00338631   _DINTCH4_ISR
0033863b   _DINTCH5_ISR
00338645   _DINTCH6_ISR
0033864f   _I2CINT1A_ISR
00338659   _I2CINT2A_ISR
00338663   _SCIRXINTC_ISR
0033866d   _SCITXINTC_ISR
00338677   _SCIRXINTA_ISR
00338681   _SCITXINTA_ISR
0033868b   _SCIRXINTB_ISR
00338695   _SCITXINTB_ISR
0033869f   _ECAN0INTA_ISR
003386a9   _ECAN1INTA_ISR
003386b3   _ECAN0INTB_ISR
003386bd   _ECAN1INTB_ISR
003386c7   _XINT3_ISR
003386d1   _XINT4_ISR
003386db   _XINT5_ISR
003386e5   _XINT6_ISR
003386ef   _XINT7_ISR
003386f9   _LVF_ISR
00338703   _LUF_ISR
0033870d   _PIE_RESERVED
00338717   _rsvd_ISR
00338721   _main
003387f3   _Configura_EPwm1
00338835   _Configura_EPwm2
00338857   _Configura_EPwm3
00338879   _Configura_EPwm4
0033889c   _Configura_EPwm5
003388be   _Configura_EPwm6
003388e0   _Configura_GPIO
003389c2   _Dog_Configura
003389d2   _Dog_Reset
003389dc   _Configura_ADC
003389fc   _Ajusta_OffSet
00338a3f   _SktUpdate
00338a8a   _trem_pulsos_tiristor_remover
00338a95   _trem_pulsos_tiristor_acionar
00338aa0   _Parar_Solda
00338aa3   _Iniciar_Solda
00338aa6   _Inicializa_Variaveis
00338b43   _set_mux_corrente
00338b8d   _MaquinaEstadoDetecaoRogowiski
00338bf6   _DetecaoRogowiski
00338bf7   _DetectaRogowiski
00338c77   _comandos_enviar_corrente
00338c83   _Reportar_Erro_Ilegal
00338c90   _DevolveACK
00338c9b   _SciReportarErro
00338ca6   _SciA_Comandos_Hiperterminal
00338dca   _itoa
00338e2a   _OrdenaPontos
00338e92   _EscolherPontos
00338f5d   _InicializarVariaveis
00338f89   _strtod
003390bd   LL$$DIV
003390f9   LL$$MOD
00339133   ULL$$DIV
00339162   ULL$$MOD
003391c4   _InitSysCtrl
003391cd   _ServiceDog
003391d7   _DisableDog
003391df   _InitPll
0033922d   _InitPeripheralClocks
00339285   _CsmUnlock
003392b6   _InitEPwm
003392b7   _InitEPwmGpio
003392c4   _InitEPwm1Gpio
003392d6   _InitEPwm2Gpio
003392e8   _InitEPwm3Gpio
003392fc   _InitEPwm4Gpio
00339310   _InitEPwm5Gpio
00339322   _InitEPwm6Gpio
00339334   _InitEPwmSyncGpio
00339348   _InitTzGpio
0033937e   _InicializaPLL
0033939a   _PLL
00339432   _SpiA_Configura
0033944d   _InitMcbspaGpio
00339463   _init_mcbsp_spi
003394a1   _McBsp_DAC
003394d1   FS$$DIV
00339559   _InitCpuTimers
0033959a   _ConfigCpuTimer
003395d5   _sin
00339630   _cpu_timer0_isr
0033966f   _epwm2_isr
0033967c   _epwm3_isr
00339689   _xInt_ConfiguraIO
003396a1   _xInt_Configura
003396d1   _c_int00
00339717   _Configura_SciA
0033973a   _SciA_Receber
00339743   _SciA_SendMsg
00339758   _RMS_Inicializar
0033975c   _RMS_Inicializar_Estrutura
00339790   _spiTxFifoIsr
003397a1   _spiRxFifoIsr
003397c6   _atoi
003397f7   _InitPieCtrl
00339816   _EnableInterrupts
0033981f   _InitSpi
00339820   _InitSpiGpio
00339823   _InitSpiaGpio
00339841   I$$DIV
00339852   I$$MOD
00339863   _InitPieVectTable
00339884   _sqrt
003398a4   __args_main
003398bd   C$$EXIT
003398bd   _abort
003398bf   _exit
003398d6   _MemCopy
003398eb   _xInt3_isr
003398fc   _InitAdc
0033990b   _strlen
00339915   __register_unlock
00339919   __register_lock
0033991d   __nop
00339926   _atof
0033992a   ___etext__
0033992a   etext
00339a78   __ctypes_
00339b7a   _PieVectTableInit
00339cf2   ___cinit__
00339cf2   cinit
0033fff6   code_start
0033fff8   _CsmPwl
00380080   _ADC_cal
00380090   _PartIdRegs
ffffffff   ___binit__
ffffffff   ___c_args__
ffffffff   ___pinit__
ffffffff   binit
ffffffff   pinit

[338 symbols]
